17:57:14 **** Incremental Build of configuration Debug for project usbmidiio ****
make -r -j8 all 
Building file: ../source/rpi.cpp
Building file: ../source/uart_crc.cpp
Building file: ../source/usbmidiio.cpp
Invoking: MCU C++ Compiler
Invoking: MCU C++ Compiler
arm-none-eabi-c++ -D__NEWLIB__ -DFSL_RTOS_BM -DSDK_OS_BAREMETAL -DSDK_DEBUGCONSOLE=0 -DSDK_OS_FREE_RTOS -DFSL_RTOS_FREE_RTOS -DCPU_LPC54616J512ET100 -DCPU_LPC54616J512ET100_cm4 -D__MCUXPRESSO -D__USE_CMSIS -DDEBUG -I../board -I../source -I../ -I../freertos/include -I../freertos/portable -I../CMSIS_driver -I../CMSIS/drivers -I../startup -I../CMSIS -O0 -fno-common -g3 -Wall -c -fmessage-length=0 -mcpu=cortex-m4 -mfpu=fpv4-sp-d16 -mfloat-abi=hard -mthumb -D__NEWLIB__ -MMD -MP -MF"source/rpi.d" -MT"source/rpi.o" -MT"source/rpi.d" -o "source/rpi.o" "../source/rpi.cpp"
Invoking: MCU C++ Compiler
arm-none-eabi-c++ -D__NEWLIB__ -DFSL_RTOS_BM -DSDK_OS_BAREMETAL -DSDK_DEBUGCONSOLE=0 -DSDK_OS_FREE_RTOS -DFSL_RTOS_FREE_RTOS -DCPU_LPC54616J512ET100 -DCPU_LPC54616J512ET100_cm4 -D__MCUXPRESSO -D__USE_CMSIS -DDEBUG -I../board -I../source -I../ -I../freertos/include -I../freertos/portable -I../CMSIS_driver -I../CMSIS/drivers -I../startup -I../CMSIS -O0 -fno-common -g3 -Wall -c -fmessage-length=0 -mcpu=cortex-m4 -mfpu=fpv4-sp-d16 -mfloat-abi=hard -mthumb -D__NEWLIB__ -MMD -MP -MF"source/uart_crc.d" -MT"source/uart_crc.o" -MT"source/uart_crc.d" -o "source/uart_crc.o" "../source/uart_crc.cpp"
arm-none-eabi-c++ -D__NEWLIB__ -DFSL_RTOS_BM -DSDK_OS_BAREMETAL -DSDK_DEBUGCONSOLE=0 -DSDK_OS_FREE_RTOS -DFSL_RTOS_FREE_RTOS -DCPU_LPC54616J512ET100 -DCPU_LPC54616J512ET100_cm4 -D__MCUXPRESSO -D__USE_CMSIS -DDEBUG -I../board -I../source -I../ -I../freertos/include -I../freertos/portable -I../CMSIS_driver -I../CMSIS/drivers -I../startup -I../CMSIS -O0 -fno-common -g3 -Wall -c -fmessage-length=0 -mcpu=cortex-m4 -mfpu=fpv4-sp-d16 -mfloat-abi=hard -mthumb -D__NEWLIB__ -MMD -MP -MF"source/usbmidiio.d" -MT"source/usbmidiio.o" -MT"source/usbmidiio.d" -o "source/usbmidiio.o" "../source/usbmidiio.cpp"
../source/uart_crc.cpp:122:15: error: declaration of 'int (* sync_state_t::oob_data_cb)(uint8_t, uint32_t)' [-fpermissive]
   oob_data_cb oob_data_cb;
               ^~~~~~~~~~~
../source/uart_crc.cpp:86:15: error: changes meaning of 'oob_data_cb' from 'typedef int (* oob_data_cb)(uint8_t, uint32_t)' [-fpermissive]
 typedef int (*oob_data_cb)(uint8_t cmd, uint32_t data);
               ^~~~~~~~~~~
../source/uart_crc.cpp: In function 'void sync_in_read_complete(int, void*)':
../source/uart_crc.cpp:144:20: error: 'uart_peek' was not declared in this scope
     uint8_t data = uart_peek();
                    ^~~~~~~~~
../source/uart_crc.cpp:146:7: error: 'uart_read' was not declared in this scope
       uart_read(sync_read_buf, 1);
       ^~~~~~~~~
../source/uart_crc.cpp:151:5: error: 'uart_waitfor' was not declared in this scope
     uart_waitfor(6);
     ^~~~~~~~~~~~
../source/uart_crc.cpp:161:3: error: 'uart_read' was not declared in this scope
   uart_read(data, 6);
   ^~~~~~~~~
../source/uart_crc.cpp:171:5: error: 'uart_waitfor' was not declared in this scope
     uart_waitfor(1);
     ^~~~~~~~~~~~
../source/uart_crc.cpp:214:3: error: 'uart_waitfor' was not declared in this scope
   uart_waitfor(6);
   ^~~~~~~~~~~~
../source/uart_crc.cpp: In function 'void sync_out_write_begin(sync_state_t*, int, uint8_t*, int)':
../source/uart_crc.cpp:234:21: error: 'uart_write' was not declared in this scope
   int write_count = uart_write(sync_write_buf, size);
                     ^~~~~~~~~~
../source/uart_crc.cpp:234:21: note: suggested alternative: 'fwrite'
   int write_count = uart_write(sync_write_buf, size);
                     ^~~~~~~~~~
                     fwrite
../source/uart_crc.cpp: In function 'void sync_out_write_complete(int, void*)':
../source/uart_crc.cpp:268:7: error: 'uart_write' was not declared in this scope
       uart_write(data, 4);
       ^~~~~~~~~~
../source/uart_crc.cpp:268:7: note: suggested alternative: 'fwrite'
       uart_write(data, 4);
       ^~~~~~~~~~
       fwrite
../source/uart_crc.cpp: In function 'int oobfunc(uint8_t, uint32_t)':
../source/uart_crc.cpp:430:50: warning: format '%x' expects argument of type 'unsigned int', but argument 3 has type 'uint32_t {aka long unsigned int}' [-Wformat=]
   printf("oob data(cmd=%d, data=%x)\n", cmd, data);
                                                  ^
../source/uart_crc.cpp: In function 'void test()':
../source/uart_crc.cpp:453:19: error: 'uart0' was not declared in this scope
   uart_configure(&uart0,
                   ^~~~~
../source/uart_crc.cpp:453:3: error: 'uart_configure' was not declared in this scope
   uart_configure(&uart0,
   ^~~~~~~~~~~~~~
../source/uart_crc.cpp:466:3: error: 'uart_waitfor' was not declared in this scope
   uart_waitfor(6);
   ^~~~~~~~~~~~
../source/uart_crc.cpp:473:5: error: 'uart_run' was not declared in this scope
     uart_run(&uart0);
     ^~~~~~~~
../source/uart_crc.cpp: In function 'int main()':
../source/uart_crc.cpp:483:5: error: 'uart_byte_counter' was not declared in this scope
     uart_byte_counter = 0;
     ^~~~~~~~~~~~~~~~~
../source/uart_crc.cpp:484:5: error: 'uart_dropbyte' was not declared in this scope
     uart_dropbyte = random() % 255;
     ^~~~~~~~~~~~~
../source/uart_crc.cpp:485:5: error: 'uart_errorbit' was not declared in this scope
     uart_errorbit = random() % 2047;
     ^~~~~~~~~~~~~
../source/uart_crc.cpp:486:5: error: 'databuf_read' was not declared in this scope
     databuf_read = 0;
     ^~~~~~~~~~~~
../source/rpi.cpp: In function 'void fifo_rx_process()':
../source/rpi.cpp:96:51: error: invalid conversion from 'void*' to 'int' [-fpermissive]
   rpi_uart->config.read_complete(rpi_uart->config.read_complete_data);
                                  ~~~~~~~~~~~~~~~~~^~~~~~~~~~~~~~~~~~
../source/rpi.cpp:96:69: error: too few arguments to function
   rpi_uart->config.read_complete(rpi_uart->config.read_complete_data);
                                                                     ^
../source/uart_crc.cpp:487:5: error: 'databuf_write' was not declared in this scope
     databuf_write = 0;
     ^~~~~~~~~~~~~
../source/rpi.cpp: At global scope:
../source/rpi.cpp:70:12: warning: 'int fifo_tx_full()' defined but not used [-Wunused-function]
 static int fifo_tx_full()
            ^~~~~~~~~~~~
../source/rpi.cpp:35:12: warning: 'int fifo_rx_empty()' defined but not used [-Wunused-function]
 static int fifo_rx_empty()
            ^~~~~~~~~~~~~
make: *** [source/uart_crc.o] Error 1
make: *** Waiting for unfinished jobs....
make: *** [source/rpi.o] Error 1
../source/usbmidiio.cpp: In function 'void dsp_cmd(int, int, uint16_t)':
../source/usbmidiio.cpp:81:2: error: 'rpi_write' was not declared in this scope
  rpi_write(data, 4);
  ^~~~~~~~~
../source/usbmidiio.cpp:81:2: note: suggested alternative: 'rpi_init'
  rpi_write(data, 4);
  ^~~~~~~~~
  rpi_init
../source/usbmidiio.cpp: In function 'void KeyScan()':
../source/usbmidiio.cpp:190:70: warning: format '%d' expects argument of type 'int', but argument 2 has type 'long unsigned int' [-Wformat=]
                      printf("%d break\n", (keyscanindex >> 1) * 8 + i);
                                           ~~~~~~~~~~~~~~~~~~~~~~~~~~~^
../source/usbmidiio.cpp: In function 'int main()':
../source/usbmidiio.cpp:523:14: error: too few arguments to function 'void rpi_init(uart_t*)'
     rpi_init();
              ^
In file included from ../source/usbmidiio.cpp:44:0:
../source/rpi.h:10:6: note: declared here
 void rpi_init(uart_t* uart);
      ^~~~~~~~
make: *** [source/usbmidiio.o] Error 1
17:57:39 **** Incremental Build of configuration Debug for project usbmidiio ****
make -r -j8 all 
Building file: ../source/rpi.cpp
Building file: ../source/uart_crc.cpp
Building file: ../source/usbmidiio.cpp
Invoking: MCU C++ Compiler
Invoking: MCU C++ Compiler
arm-none-eabi-c++ -D__NEWLIB__ -DFSL_RTOS_BM -DSDK_OS_BAREMETAL -DSDK_DEBUGCONSOLE=0 -DSDK_OS_FREE_RTOS -DFSL_RTOS_FREE_RTOS -DCPU_LPC54616J512ET100 -DCPU_LPC54616J512ET100_cm4 -D__MCUXPRESSO -D__USE_CMSIS -DDEBUG -I../board -I../source -I../ -I../freertos/include -I../freertos/portable -I../CMSIS_driver -I../CMSIS/drivers -I../startup -I../CMSIS -O0 -fno-common -g3 -Wall -c -fmessage-length=0 -mcpu=cortex-m4 -mfpu=fpv4-sp-d16 -mfloat-abi=hard -mthumb -D__NEWLIB__ -MMD -MP -MF"source/rpi.d" -MT"source/rpi.o" -MT"source/rpi.d" -o "source/rpi.o" "../source/rpi.cpp"
Invoking: MCU C++ Compiler
arm-none-eabi-c++ -D__NEWLIB__ -DFSL_RTOS_BM -DSDK_OS_BAREMETAL -DSDK_DEBUGCONSOLE=0 -DSDK_OS_FREE_RTOS -DFSL_RTOS_FREE_RTOS -DCPU_LPC54616J512ET100 -DCPU_LPC54616J512ET100_cm4 -D__MCUXPRESSO -D__USE_CMSIS -DDEBUG -I../board -I../source -I../ -I../freertos/include -I../freertos/portable -I../CMSIS_driver -I../CMSIS/drivers -I../startup -I../CMSIS -O0 -fno-common -g3 -Wall -c -fmessage-length=0 -mcpu=cortex-m4 -mfpu=fpv4-sp-d16 -mfloat-abi=hard -mthumb -D__NEWLIB__ -MMD -MP -MF"source/uart_crc.d" -MT"source/uart_crc.o" -MT"source/uart_crc.d" -o "source/uart_crc.o" "../source/uart_crc.cpp"
arm-none-eabi-c++ -D__NEWLIB__ -DFSL_RTOS_BM -DSDK_OS_BAREMETAL -DSDK_DEBUGCONSOLE=0 -DSDK_OS_FREE_RTOS -DFSL_RTOS_FREE_RTOS -DCPU_LPC54616J512ET100 -DCPU_LPC54616J512ET100_cm4 -D__MCUXPRESSO -D__USE_CMSIS -DDEBUG -I../board -I../source -I../ -I../freertos/include -I../freertos/portable -I../CMSIS_driver -I../CMSIS/drivers -I../startup -I../CMSIS -O0 -fno-common -g3 -Wall -c -fmessage-length=0 -mcpu=cortex-m4 -mfpu=fpv4-sp-d16 -mfloat-abi=hard -mthumb -D__NEWLIB__ -MMD -MP -MF"source/usbmidiio.d" -MT"source/usbmidiio.o" -MT"source/usbmidiio.d" -o "source/usbmidiio.o" "../source/usbmidiio.cpp"
../source/uart_crc.cpp: In function 'void sync_in_read_complete(int, void*)':
../source/uart_crc.cpp:144:20: error: 'uart_peek' was not declared in this scope
     uint8_t data = uart_peek();
                    ^~~~~~~~~
../source/uart_crc.cpp:146:7: error: 'uart_read' was not declared in this scope
       uart_read(sync_read_buf, 1);
       ^~~~~~~~~
../source/uart_crc.cpp:151:5: error: 'uart_waitfor' was not declared in this scope
     uart_waitfor(6);
     ^~~~~~~~~~~~
../source/uart_crc.cpp:161:3: error: 'uart_read' was not declared in this scope
   uart_read(data, 6);
   ^~~~~~~~~
../source/uart_crc.cpp:171:5: error: 'uart_waitfor' was not declared in this scope
     uart_waitfor(1);
     ^~~~~~~~~~~~
../source/uart_crc.cpp:192:14: error: 'struct sync_state_t' has no member named 'data_cb'; did you mean 'data'?
       state->data_cb(in_dst, &data[1]);
              ^~~~~~~
              data
../source/uart_crc.cpp:201:16: error: 'struct sync_state_t' has no member named 'oob_data_cb'; did you mean 'oob_data'?
     if (state->oob_data_cb) {
                ^~~~~~~~~~~
                oob_data
../source/uart_crc.cpp:204:18: error: 'struct sync_state_t' has no member named 'oob_data_cb'; did you mean 'oob_data'?
       if (state->oob_data_cb(cmd, d) == 0) {
                  ^~~~~~~~~~~
                  oob_data
../source/uart_crc.cpp:214:3: error: 'uart_waitfor' was not declared in this scope
   uart_waitfor(6);
   ^~~~~~~~~~~~
../source/uart_crc.cpp: In function 'void sync_out_write_begin(sync_state_t*, int, uint8_t*, int)':
../source/uart_crc.cpp:234:21: error: 'uart_write' was not declared in this scope
   int write_count = uart_write(sync_write_buf, size);
                     ^~~~~~~~~~
../source/uart_crc.cpp:234:21: note: suggested alternative: 'fwrite'
   int write_count = uart_write(sync_write_buf, size);
                     ^~~~~~~~~~
                     fwrite
../source/uart_crc.cpp: In function 'void sync_out_write_complete(int, void*)':
../source/uart_crc.cpp:245:12: error: 'struct sync_state_t' has no member named 'complete_cb'; did you mean 'complete'?
     state->complete_cb(1);
            ^~~~~~~~~~~
            complete
../source/uart_crc.cpp:257:14: error: 'struct sync_state_t' has no member named 'ack_receive_cb'; did you mean 'ack_receive'?
       state->ack_receive_cb = 0;
              ^~~~~~~~~~~~~~
              ack_receive
../source/uart_crc.cpp:258:14: error: 'struct sync_state_t' has no member named 'complete_cb'; did you mean 'complete'?
       state->complete_cb(1);
              ^~~~~~~~~~~
              complete
../source/uart_crc.cpp:268:7: error: 'uart_write' was not declared in this scope
       uart_write(data, 4);
       ^~~~~~~~~~
../source/uart_crc.cpp:268:7: note: suggested alternative: 'fwrite'
       uart_write(data, 4);
       ^~~~~~~~~~
       fwrite
../source/uart_crc.cpp:290:12: error: 'struct sync_state_t' has no member named 'ack_receive_cb'; did you mean 'ack_receive'?
     state->ack_receive_cb = state->oob_queue[state->oob_queue_read].complete_cb;
            ^~~~~~~~~~~~~~
            ack_receive
../source/uart_crc.cpp:312:12: error: 'struct sync_state_t' has no member named 'complete_cb'; did you mean 'complete'?
     state->complete_cb(0);
            ^~~~~~~~~~~
            complete
../source/uart_crc.cpp: In function 'void sync_out_ack_received(sync_state_t*, uint8_t)':
../source/uart_crc.cpp:364:14: error: 'struct sync_state_t' has no member named 'ack_receive_cb'; did you mean 'ack_receive'?
   if (state->ack_receive_cb) {
              ^~~~~~~~~~~~~~
              ack_receive
../source/uart_crc.cpp:365:12: error: 'struct sync_state_t' has no member named 'ack_receive_cb'; did you mean 'ack_receive'?
     state->ack_receive_cb();
            ^~~~~~~~~~~~~~
            ack_receive
../source/uart_crc.cpp:366:12: error: 'struct sync_state_t' has no member named 'ack_receive_cb'; did you mean 'ack_receive'?
     state->ack_receive_cb = 0;
            ^~~~~~~~~~~~~~
            ack_receive
../source/uart_crc.cpp: In function 'void sync_block(sync_state_t*, uint8_t*, int, int, sync_complete_cb)':
../source/uart_crc.cpp:389:10: error: 'struct sync_state_t' has no member named 'complete_cb'; did you mean 'complete'?
   state->complete_cb = complete_cb;
          ^~~~~~~~~~~
          complete
../source/rpi.cpp: In function 'void fifo_rx_process()':
../source/rpi.cpp:96:51: error: invalid conversion from 'void*' to 'int' [-fpermissive]
   rpi_uart->config.read_complete(rpi_uart->config.read_complete_data);
                                  ~~~~~~~~~~~~~~~~~^~~~~~~~~~~~~~~~~~
../source/rpi.cpp:96:69: error: too few arguments to function
   rpi_uart->config.read_complete(rpi_uart->config.read_complete_data);
                                                                     ^
../source/uart_crc.cpp: In function 'int oobfunc(uint8_t, uint32_t)':
../source/uart_crc.cpp:430:50: warning: format '%x' expects argument of type 'unsigned int', but argument 3 has type 'uint32_t {aka long unsigned int}' [-Wformat=]
   printf("oob data(cmd=%d, data=%x)\n", cmd, data);
                                                  ^
../source/uart_crc.cpp: In function 'void test()':
../source/uart_crc.cpp:453:19: error: 'uart0' was not declared in this scope
   uart_configure(&uart0,
                   ^~~~~
../source/uart_crc.cpp:453:3: error: 'uart_configure' was not declared in this scope
   uart_configure(&uart0,
   ^~~~~~~~~~~~~~
../source/rpi.cpp: At global scope:
../source/rpi.cpp:70:12: warning: 'int fifo_tx_full()' defined but not used [-Wunused-function]
 static int fifo_tx_full()
            ^~~~~~~~~~~~
../source/rpi.cpp:35:12: warning: 'int fifo_rx_empty()' defined but not used [-Wunused-function]
 static int fifo_rx_empty()
            ^~~~~~~~~~~~~
../source/uart_crc.cpp:462:14: error: 'struct sync_state_t' has no member named 'data_cb'; did you mean 'data'?
   sync_state.data_cb = datafunc;
              ^~~~~~~
              data
../source/uart_crc.cpp:463:14: error: 'struct sync_state_t' has no member named 'oob_data_cb'; did you mean 'oob_data'?
   sync_state.oob_data_cb = oobfunc;
              ^~~~~~~~~~~
              oob_data
../source/uart_crc.cpp:466:3: error: 'uart_waitfor' was not declared in this scope
   uart_waitfor(6);
   ^~~~~~~~~~~~
../source/uart_crc.cpp:473:5: error: 'uart_run' was not declared in this scope
     uart_run(&uart0);
     ^~~~~~~~
../source/uart_crc.cpp: In function 'int main()':
../source/uart_crc.cpp:483:5: error: 'uart_byte_counter' was not declared in this scope
     uart_byte_counter = 0;
     ^~~~~~~~~~~~~~~~~
../source/uart_crc.cpp:484:5: error: 'uart_dropbyte' was not declared in this scope
     uart_dropbyte = random() % 255;
     ^~~~~~~~~~~~~
../source/uart_crc.cpp:485:5: error: 'uart_errorbit' was not declared in this scope
     uart_errorbit = random() % 2047;
     ^~~~~~~~~~~~~
../source/uart_crc.cpp:486:5: error: 'databuf_read' was not declared in this scope
     databuf_read = 0;
     ^~~~~~~~~~~~
../source/uart_crc.cpp:487:5: error: 'databuf_write' was not declared in this scope
     databuf_write = 0;
     ^~~~~~~~~~~~~
make: *** [source/rpi.o] Error 1
make: *** Waiting for unfinished jobs....
make: *** [source/uart_crc.o] Error 1
../source/usbmidiio.cpp: In function 'void dsp_cmd(int, int, uint16_t)':
../source/usbmidiio.cpp:81:2: error: 'rpi_write' was not declared in this scope
  rpi_write(data, 4);
  ^~~~~~~~~
../source/usbmidiio.cpp:81:2: note: suggested alternative: 'rpi_init'
  rpi_write(data, 4);
  ^~~~~~~~~
  rpi_init
../source/usbmidiio.cpp: In function 'void KeyScan()':
../source/usbmidiio.cpp:190:70: warning: format '%d' expects argument of type 'int', but argument 2 has type 'long unsigned int' [-Wformat=]
                      printf("%d break\n", (keyscanindex >> 1) * 8 + i);
                                           ~~~~~~~~~~~~~~~~~~~~~~~~~~~^
../source/usbmidiio.cpp: In function 'int main()':
../source/usbmidiio.cpp:523:14: error: too few arguments to function 'void rpi_init(uart_t*)'
     rpi_init();
              ^
In file included from ../source/usbmidiio.cpp:44:0:
../source/rpi.h:10:6: note: declared here
 void rpi_init(uart_t* uart);
      ^~~~~~~~
make: *** [source/usbmidiio.o] Error 1
17:58:21 **** Incremental Build of configuration Debug for project usbmidiio ****
make -r -j8 all 
Building file: ../source/rpi.cpp
Building file: ../source/uart_crc.cpp
Building file: ../source/usbmidiio.cpp
Invoking: MCU C++ Compiler
Invoking: MCU C++ Compiler
arm-none-eabi-c++ -D__NEWLIB__ -DFSL_RTOS_BM -DSDK_OS_BAREMETAL -DSDK_DEBUGCONSOLE=0 -DSDK_OS_FREE_RTOS -DFSL_RTOS_FREE_RTOS -DCPU_LPC54616J512ET100 -DCPU_LPC54616J512ET100_cm4 -D__MCUXPRESSO -D__USE_CMSIS -DDEBUG -I../board -I../source -I../ -I../freertos/include -I../freertos/portable -I../CMSIS_driver -I../CMSIS/drivers -I../startup -I../CMSIS -O0 -fno-common -g3 -Wall -c -fmessage-length=0 -mcpu=cortex-m4 -mfpu=fpv4-sp-d16 -mfloat-abi=hard -mthumb -D__NEWLIB__ -MMD -MP -MF"source/rpi.d" -MT"source/rpi.o" -MT"source/rpi.d" -o "source/rpi.o" "../source/rpi.cpp"
Invoking: MCU C++ Compiler
arm-none-eabi-c++ -D__NEWLIB__ -DFSL_RTOS_BM -DSDK_OS_BAREMETAL -DSDK_DEBUGCONSOLE=0 -DSDK_OS_FREE_RTOS -DFSL_RTOS_FREE_RTOS -DCPU_LPC54616J512ET100 -DCPU_LPC54616J512ET100_cm4 -D__MCUXPRESSO -D__USE_CMSIS -DDEBUG -I../board -I../source -I../ -I../freertos/include -I../freertos/portable -I../CMSIS_driver -I../CMSIS/drivers -I../startup -I../CMSIS -O0 -fno-common -g3 -Wall -c -fmessage-length=0 -mcpu=cortex-m4 -mfpu=fpv4-sp-d16 -mfloat-abi=hard -mthumb -D__NEWLIB__ -MMD -MP -MF"source/uart_crc.d" -MT"source/uart_crc.o" -MT"source/uart_crc.d" -o "source/uart_crc.o" "../source/uart_crc.cpp"
arm-none-eabi-c++ -D__NEWLIB__ -DFSL_RTOS_BM -DSDK_OS_BAREMETAL -DSDK_DEBUGCONSOLE=0 -DSDK_OS_FREE_RTOS -DFSL_RTOS_FREE_RTOS -DCPU_LPC54616J512ET100 -DCPU_LPC54616J512ET100_cm4 -D__MCUXPRESSO -D__USE_CMSIS -DDEBUG -I../board -I../source -I../ -I../freertos/include -I../freertos/portable -I../CMSIS_driver -I../CMSIS/drivers -I../startup -I../CMSIS -O0 -fno-common -g3 -Wall -c -fmessage-length=0 -mcpu=cortex-m4 -mfpu=fpv4-sp-d16 -mfloat-abi=hard -mthumb -D__NEWLIB__ -MMD -MP -MF"source/usbmidiio.d" -MT"source/usbmidiio.o" -MT"source/usbmidiio.d" -o "source/usbmidiio.o" "../source/usbmidiio.cpp"
../source/uart_crc.cpp:97:2: error: 'uart_t' does not name a type; did you mean 'uid_t'?
  uart_t* uart;
  ^~~~~~
  uid_t
../source/uart_crc.cpp: In function 'void sync_in_read_complete(int, void*)':
../source/uart_crc.cpp:146:27: error: 'struct sync_state_t' has no member named 'uart'
     uint8_t data = state->uart->peek();
                           ^~~~
../source/uart_crc.cpp:148:7: error: 'uart_read' was not declared in this scope
       uart_read(sync_read_buf, 1);
       ^~~~~~~~~
../source/uart_crc.cpp:153:5: error: 'uart_waitfor' was not declared in this scope
     uart_waitfor(6);
     ^~~~~~~~~~~~
../source/uart_crc.cpp:163:3: error: 'uart_read' was not declared in this scope
   uart_read(data, 6);
   ^~~~~~~~~
../source/uart_crc.cpp:173:5: error: 'uart_waitfor' was not declared in this scope
     uart_waitfor(1);
     ^~~~~~~~~~~~
../source/uart_crc.cpp:194:14: error: 'struct sync_state_t' has no member named 'data_cb'; did you mean 'data'?
       state->data_cb(in_dst, &data[1]);
              ^~~~~~~
              data
../source/uart_crc.cpp:203:16: error: 'struct sync_state_t' has no member named 'oob_data_cb'; did you mean 'oob_data'?
     if (state->oob_data_cb) {
                ^~~~~~~~~~~
                oob_data
../source/uart_crc.cpp:206:18: error: 'struct sync_state_t' has no member named 'oob_data_cb'; did you mean 'oob_data'?
       if (state->oob_data_cb(cmd, d) == 0) {
                  ^~~~~~~~~~~
                  oob_data
../source/uart_crc.cpp:216:3: error: 'uart_waitfor' was not declared in this scope
   uart_waitfor(6);
   ^~~~~~~~~~~~
../source/uart_crc.cpp: In function 'void sync_out_write_begin(sync_state_t*, int, uint8_t*, int)':
../source/uart_crc.cpp:236:21: error: 'uart_write' was not declared in this scope
   int write_count = uart_write(sync_write_buf, size);
                     ^~~~~~~~~~
../source/rpi.cpp: In function 'void fifo_rx_process()':
../source/rpi.cpp:96:51: error: invalid conversion from 'void*' to 'int' [-fpermissive]
   rpi_uart->config.read_complete(rpi_uart->config.read_complete_data);
                                  ~~~~~~~~~~~~~~~~~^~~~~~~~~~~~~~~~~~
../source/rpi.cpp:96:69: error: too few arguments to function
   rpi_uart->config.read_complete(rpi_uart->config.read_complete_data);
                                                                     ^
../source/uart_crc.cpp:236:21: note: suggested alternative: 'fwrite'
   int write_count = uart_write(sync_write_buf, size);
                     ^~~~~~~~~~
                     fwrite
../source/uart_crc.cpp: In function 'void sync_out_write_complete(int, void*)':
../source/uart_crc.cpp:247:12: error: 'struct sync_state_t' has no member named 'complete_cb'; did you mean 'complete'?
     state->complete_cb(1);
            ^~~~~~~~~~~
            complete
../source/uart_crc.cpp:259:14: error: 'struct sync_state_t' has no member named 'ack_receive_cb'; did you mean 'ack_receive'?
       state->ack_receive_cb = 0;
              ^~~~~~~~~~~~~~
              ack_receive
../source/uart_crc.cpp:260:14: error: 'struct sync_state_t' has no member named 'complete_cb'; did you mean 'complete'?
       state->complete_cb(1);
              ^~~~~~~~~~~
              complete
../source/uart_crc.cpp:270:7: error: 'uart_write' was not declared in this scope
       uart_write(data, 4);
       ^~~~~~~~~~
../source/rpi.cpp: At global scope:
../source/rpi.cpp:70:12: warning: 'int fifo_tx_full()' defined but not used [-Wunused-function]
 static int fifo_tx_full()
            ^~~~~~~~~~~~
../source/rpi.cpp:35:12: warning: 'int fifo_rx_empty()' defined but not used [-Wunused-function]
 static int fifo_rx_empty()
            ^~~~~~~~~~~~~
../source/uart_crc.cpp:270:7: note: suggested alternative: 'fwrite'
       uart_write(data, 4);
       ^~~~~~~~~~
       fwrite
../source/uart_crc.cpp:292:12: error: 'struct sync_state_t' has no member named 'ack_receive_cb'; did you mean 'ack_receive'?
     state->ack_receive_cb = state->oob_queue[state->oob_queue_read].complete_cb;
            ^~~~~~~~~~~~~~
            ack_receive
../source/uart_crc.cpp:314:12: error: 'struct sync_state_t' has no member named 'complete_cb'; did you mean 'complete'?
     state->complete_cb(0);
            ^~~~~~~~~~~
            complete
../source/uart_crc.cpp: In function 'void sync_out_ack_received(sync_state_t*, uint8_t)':
../source/uart_crc.cpp:366:14: error: 'struct sync_state_t' has no member named 'ack_receive_cb'; did you mean 'ack_receive'?
   if (state->ack_receive_cb) {
              ^~~~~~~~~~~~~~
              ack_receive
../source/uart_crc.cpp:367:12: error: 'struct sync_state_t' has no member named 'ack_receive_cb'; did you mean 'ack_receive'?
     state->ack_receive_cb();
            ^~~~~~~~~~~~~~
            ack_receive
../source/uart_crc.cpp:368:12: error: 'struct sync_state_t' has no member named 'ack_receive_cb'; did you mean 'ack_receive'?
     state->ack_receive_cb = 0;
            ^~~~~~~~~~~~~~
            ack_receive
../source/uart_crc.cpp: In function 'void sync_block(sync_state_t*, uint8_t*, int, int, sync_complete_cb)':
../source/uart_crc.cpp:391:10: error: 'struct sync_state_t' has no member named 'complete_cb'; did you mean 'complete'?
   state->complete_cb = complete_cb;
          ^~~~~~~~~~~
          complete
../source/uart_crc.cpp: In function 'int oobfunc(uint8_t, uint32_t)':
../source/uart_crc.cpp:432:50: warning: format '%x' expects argument of type 'unsigned int', but argument 3 has type 'uint32_t {aka long unsigned int}' [-Wformat=]
   printf("oob data(cmd=%d, data=%x)\n", cmd, data);
                                                  ^
../source/uart_crc.cpp: In function 'void test()':
../source/uart_crc.cpp:455:19: error: 'uart0' was not declared in this scope
   uart_configure(&uart0,
                   ^~~~~
../source/uart_crc.cpp:455:3: error: 'uart_configure' was not declared in this scope
   uart_configure(&uart0,
   ^~~~~~~~~~~~~~
../source/uart_crc.cpp:464:14: error: 'struct sync_state_t' has no member named 'data_cb'; did you mean 'data'?
   sync_state.data_cb = datafunc;
              ^~~~~~~
              data
../source/uart_crc.cpp:465:14: error: 'struct sync_state_t' has no member named 'oob_data_cb'; did you mean 'oob_data'?
   sync_state.oob_data_cb = oobfunc;
              ^~~~~~~~~~~
              oob_data
../source/uart_crc.cpp:468:3: error: 'uart_waitfor' was not declared in this scope
   uart_waitfor(6);
   ^~~~~~~~~~~~
../source/uart_crc.cpp:475:5: error: 'uart_run' was not declared in this scope
     uart_run(&uart0);
     ^~~~~~~~
../source/uart_crc.cpp: In function 'int main()':
../source/uart_crc.cpp:485:5: error: 'uart_byte_counter' was not declared in this scope
     uart_byte_counter = 0;
     ^~~~~~~~~~~~~~~~~
make: *** [source/rpi.o] Error 1
make: *** Waiting for unfinished jobs....
../source/uart_crc.cpp:486:5: error: 'uart_dropbyte' was not declared in this scope
     uart_dropbyte = random() % 255;
     ^~~~~~~~~~~~~
../source/uart_crc.cpp:487:5: error: 'uart_errorbit' was not declared in this scope
     uart_errorbit = random() % 2047;
     ^~~~~~~~~~~~~
../source/uart_crc.cpp:488:5: error: 'databuf_read' was not declared in this scope
     databuf_read = 0;
     ^~~~~~~~~~~~
../source/uart_crc.cpp:489:5: error: 'databuf_write' was not declared in this scope
     databuf_write = 0;
     ^~~~~~~~~~~~~
../source/usbmidiio.cpp: In function 'void dsp_cmd(int, int, uint16_t)':
../source/usbmidiio.cpp:81:2: error: 'rpi_write' was not declared in this scope
  rpi_write(data, 4);
  ^~~~~~~~~
../source/usbmidiio.cpp:81:2: note: suggested alternative: 'rpi_init'
  rpi_write(data, 4);
  ^~~~~~~~~
  rpi_init
../source/usbmidiio.cpp: In function 'void KeyScan()':
../source/usbmidiio.cpp:190:70: warning: format '%d' expects argument of type 'int', but argument 2 has type 'long unsigned int' [-Wformat=]
                      printf("%d break\n", (keyscanindex >> 1) * 8 + i);
                                           ~~~~~~~~~~~~~~~~~~~~~~~~~~~^
../source/usbmidiio.cpp: In function 'int main()':
../source/usbmidiio.cpp:523:14: error: too few arguments to function 'void rpi_init(uart_t*)'
     rpi_init();
              ^
In file included from ../source/usbmidiio.cpp:44:0:
../source/rpi.h:10:6: note: declared here
 void rpi_init(uart_t* uart);
      ^~~~~~~~
make: *** [source/uart_crc.o] Error 1
make: *** [source/usbmidiio.o] Error 1
17:58:50 **** Incremental Build of configuration Debug for project usbmidiio ****
make -r -j8 all 
Building file: ../source/rpi.cpp
Building file: ../source/uart_crc.cpp
Building file: ../source/usbmidiio.cpp
Invoking: MCU C++ Compiler
arm-none-eabi-c++ -D__NEWLIB__ -DFSL_RTOS_BM -DSDK_OS_BAREMETAL -DSDK_DEBUGCONSOLE=0 -DSDK_OS_FREE_RTOS -DFSL_RTOS_FREE_RTOS -DCPU_LPC54616J512ET100 -DCPU_LPC54616J512ET100_cm4 -D__MCUXPRESSO -D__USE_CMSIS -DDEBUG -I../board -I../source -I../ -I../freertos/include -I../freertos/portable -I../CMSIS_driver -I../CMSIS/drivers -I../startup -I../CMSIS -O0 -fno-common -g3 -Wall -c -fmessage-length=0 -mcpu=cortex-m4 -mfpu=fpv4-sp-d16 -mfloat-abi=hard -mthumb -D__NEWLIB__ -MMD -MP -MF"source/rpi.d" -MT"source/rpi.o" -MT"source/rpi.d" -o "source/rpi.o" "../source/rpi.cpp"
Invoking: MCU C++ Compiler
Invoking: MCU C++ Compiler
arm-none-eabi-c++ -D__NEWLIB__ -DFSL_RTOS_BM -DSDK_OS_BAREMETAL -DSDK_DEBUGCONSOLE=0 -DSDK_OS_FREE_RTOS -DFSL_RTOS_FREE_RTOS -DCPU_LPC54616J512ET100 -DCPU_LPC54616J512ET100_cm4 -D__MCUXPRESSO -D__USE_CMSIS -DDEBUG -I../board -I../source -I../ -I../freertos/include -I../freertos/portable -I../CMSIS_driver -I../CMSIS/drivers -I../startup -I../CMSIS -O0 -fno-common -g3 -Wall -c -fmessage-length=0 -mcpu=cortex-m4 -mfpu=fpv4-sp-d16 -mfloat-abi=hard -mthumb -D__NEWLIB__ -MMD -MP -MF"source/uart_crc.d" -MT"source/uart_crc.o" -MT"source/uart_crc.d" -o "source/uart_crc.o" "../source/uart_crc.cpp"
arm-none-eabi-c++ -D__NEWLIB__ -DFSL_RTOS_BM -DSDK_OS_BAREMETAL -DSDK_DEBUGCONSOLE=0 -DSDK_OS_FREE_RTOS -DFSL_RTOS_FREE_RTOS -DCPU_LPC54616J512ET100 -DCPU_LPC54616J512ET100_cm4 -D__MCUXPRESSO -D__USE_CMSIS -DDEBUG -I../board -I../source -I../ -I../freertos/include -I../freertos/portable -I../CMSIS_driver -I../CMSIS/drivers -I../startup -I../CMSIS -O0 -fno-common -g3 -Wall -c -fmessage-length=0 -mcpu=cortex-m4 -mfpu=fpv4-sp-d16 -mfloat-abi=hard -mthumb -D__NEWLIB__ -MMD -MP -MF"source/usbmidiio.d" -MT"source/usbmidiio.o" -MT"source/usbmidiio.d" -o "source/usbmidiio.o" "../source/usbmidiio.cpp"
../source/uart_crc.cpp:97:2: error: 'uart_t' does not name a type; did you mean 'uid_t'?
  uart_t* uart;
  ^~~~~~
  uid_t
../source/uart_crc.cpp: In function 'void sync_in_read_complete(int, void*)':
../source/uart_crc.cpp:146:27: error: 'struct sync_state_t' has no member named 'uart'
     uint8_t data = state->uart->peek();
                           ^~~~
../source/uart_crc.cpp:148:7: error: 'uart_read' was not declared in this scope
       uart_read(sync_read_buf, 1);
       ^~~~~~~~~
../source/uart_crc.cpp:153:5: error: 'uart_waitfor' was not declared in this scope
     uart_waitfor(6);
     ^~~~~~~~~~~~
../source/uart_crc.cpp:163:3: error: 'uart_read' was not declared in this scope
   uart_read(data, 6);
   ^~~~~~~~~
../source/uart_crc.cpp:173:5: error: 'uart_waitfor' was not declared in this scope
     uart_waitfor(1);
     ^~~~~~~~~~~~
../source/uart_crc.cpp:194:14: error: 'struct sync_state_t' has no member named 'data_cb'; did you mean 'data'?
       state->data_cb(in_dst, &data[1]);
              ^~~~~~~
              data
../source/uart_crc.cpp:203:16: error: 'struct sync_state_t' has no member named 'oob_data_cb'; did you mean 'oob_data'?
     if (state->oob_data_cb) {
                ^~~~~~~~~~~
                oob_data
../source/uart_crc.cpp:206:18: error: 'struct sync_state_t' has no member named 'oob_data_cb'; did you mean 'oob_data'?
       if (state->oob_data_cb(cmd, d) == 0) {
                  ^~~~~~~~~~~
                  oob_data
../source/uart_crc.cpp:216:3: error: 'uart_waitfor' was not declared in this scope
   uart_waitfor(6);
   ^~~~~~~~~~~~
../source/uart_crc.cpp: In function 'void sync_out_write_begin(sync_state_t*, int, uint8_t*, int)':
../source/uart_crc.cpp:236:21: error: 'uart_write' was not declared in this scope
   int write_count = uart_write(sync_write_buf, size);
                     ^~~~~~~~~~
../source/uart_crc.cpp:236:21: note: suggested alternative: 'fwrite'
   int write_count = uart_write(sync_write_buf, size);
                     ^~~~~~~~~~
                     fwrite
../source/uart_crc.cpp: In function 'void sync_out_write_complete(int, void*)':
../source/uart_crc.cpp:247:12: error: 'struct sync_state_t' has no member named 'complete_cb'; did you mean 'complete'?
     state->complete_cb(1);
            ^~~~~~~~~~~
            complete
../source/uart_crc.cpp:270:7: error: 'uart_write' was not declared in this scope
       uart_write(data, 4);
       ^~~~~~~~~~
../source/uart_crc.cpp:270:7: note: suggested alternative: 'fwrite'
       uart_write(data, 4);
       ^~~~~~~~~~
       fwrite
../source/uart_crc.cpp:314:12: error: 'struct sync_state_t' has no member named 'complete_cb'; did you mean 'complete'?
     state->complete_cb(0);
            ^~~~~~~~~~~
            complete
../source/uart_crc.cpp: In function 'int sync_oob_word(sync_state_t*, uint8_t, uint32_t, oob_transfer_complete_cb)':
../source/uart_crc.cpp:404:44: error: 'struct oob_entry_t' has no member named 'complete'; did you mean 'complete_cb'?
   state->oob_queue[state->oob_queue_write].complete = complete_cb;
                                            ^~~~~~~~
                                            complete_cb
../source/uart_crc.cpp: In function 'int oobfunc(uint8_t, uint32_t)':
../source/uart_crc.cpp:432:50: warning: format '%x' expects argument of type 'unsigned int', but argument 3 has type 'uint32_t {aka long unsigned int}' [-Wformat=]
   printf("oob data(cmd=%d, data=%x)\n", cmd, data);
                                                  ^
../source/uart_crc.cpp: In function 'void test()':
../source/uart_crc.cpp:455:19: error: 'uart0' was not declared in this scope
   uart_configure(&uart0,
                   ^~~~~
../source/uart_crc.cpp:455:3: error: 'uart_configure' was not declared in this scope
   uart_configure(&uart0,
   ^~~~~~~~~~~~~~
../source/uart_crc.cpp:468:3: error: 'uart_waitfor' was not declared in this scope
   uart_waitfor(6);
   ^~~~~~~~~~~~
../source/uart_crc.cpp:475:5: error: 'uart_run' was not declared in this scope
     uart_run(&uart0);
     ^~~~~~~~
../source/uart_crc.cpp: In function 'int main()':
../source/uart_crc.cpp:485:5: error: 'uart_byte_counter' was not declared in this scope
     uart_byte_counter = 0;
     ^~~~~~~~~~~~~~~~~
../source/uart_crc.cpp:486:5: error: 'uart_dropbyte' was not declared in this scope
     uart_dropbyte = random() % 255;
     ^~~~~~~~~~~~~
../source/uart_crc.cpp:487:5: error: 'uart_errorbit' was not declared in this scope
     uart_errorbit = random() % 2047;
     ^~~~~~~~~~~~~
../source/uart_crc.cpp:488:5: error: 'databuf_read' was not declared in this scope
     databuf_read = 0;
     ^~~~~~~~~~~~
../source/rpi.cpp: In function 'void fifo_rx_process()':
../source/rpi.cpp:96:51: error: invalid conversion from 'void*' to 'int' [-fpermissive]
   rpi_uart->config.read_complete(rpi_uart->config.read_complete_data);
                                  ~~~~~~~~~~~~~~~~~^~~~~~~~~~~~~~~~~~
../source/rpi.cpp:96:69: error: too few arguments to function
   rpi_uart->config.read_complete(rpi_uart->config.read_complete_data);
                                                                     ^
../source/uart_crc.cpp:489:5: error: 'databuf_write' was not declared in this scope
     databuf_write = 0;
     ^~~~~~~~~~~~~
../source/rpi.cpp: At global scope:
../source/rpi.cpp:70:12: warning: 'int fifo_tx_full()' defined but not used [-Wunused-function]
 static int fifo_tx_full()
            ^~~~~~~~~~~~
../source/rpi.cpp:35:12: warning: 'int fifo_rx_empty()' defined but not used [-Wunused-function]
 static int fifo_rx_empty()
            ^~~~~~~~~~~~~
make: *** [source/rpi.o] Error 1
make: *** Waiting for unfinished jobs....
make: *** [source/uart_crc.o] Error 1
../source/usbmidiio.cpp: In function 'void dsp_cmd(int, int, uint16_t)':
../source/usbmidiio.cpp:81:2: error: 'rpi_write' was not declared in this scope
  rpi_write(data, 4);
  ^~~~~~~~~
../source/usbmidiio.cpp:81:2: note: suggested alternative: 'rpi_init'
  rpi_write(data, 4);
  ^~~~~~~~~
  rpi_init
../source/usbmidiio.cpp: In function 'void KeyScan()':
../source/usbmidiio.cpp:190:70: warning: format '%d' expects argument of type 'int', but argument 2 has type 'long unsigned int' [-Wformat=]
                      printf("%d break\n", (keyscanindex >> 1) * 8 + i);
                                           ~~~~~~~~~~~~~~~~~~~~~~~~~~~^
../source/usbmidiio.cpp: In function 'int main()':
../source/usbmidiio.cpp:523:14: error: too few arguments to function 'void rpi_init(uart_t*)'
     rpi_init();
              ^
In file included from ../source/usbmidiio.cpp:44:0:
../source/rpi.h:10:6: note: declared here
 void rpi_init(uart_t* uart);
      ^~~~~~~~
make: *** [source/usbmidiio.o] Error 1
17:59:05 **** Incremental Build of configuration Debug for project usbmidiio ****
make -r -j8 all 
Building file: ../source/rpi.cpp
Building file: ../source/uart_crc.cpp
Building file: ../source/usbmidiio.cpp
Invoking: MCU C++ Compiler
Invoking: MCU C++ Compiler
arm-none-eabi-c++ -D__NEWLIB__ -DFSL_RTOS_BM -DSDK_OS_BAREMETAL -DSDK_DEBUGCONSOLE=0 -DSDK_OS_FREE_RTOS -DFSL_RTOS_FREE_RTOS -DCPU_LPC54616J512ET100 -DCPU_LPC54616J512ET100_cm4 -D__MCUXPRESSO -D__USE_CMSIS -DDEBUG -I../board -I../source -I../ -I../freertos/include -I../freertos/portable -I../CMSIS_driver -I../CMSIS/drivers -I../startup -I../CMSIS -O0 -fno-common -g3 -Wall -c -fmessage-length=0 -mcpu=cortex-m4 -mfpu=fpv4-sp-d16 -mfloat-abi=hard -mthumb -D__NEWLIB__ -MMD -MP -MF"source/rpi.d" -MT"source/rpi.o" -MT"source/rpi.d" -o "source/rpi.o" "../source/rpi.cpp"
arm-none-eabi-c++ -D__NEWLIB__ -DFSL_RTOS_BM -DSDK_OS_BAREMETAL -DSDK_DEBUGCONSOLE=0 -DSDK_OS_FREE_RTOS -DFSL_RTOS_FREE_RTOS -DCPU_LPC54616J512ET100 -DCPU_LPC54616J512ET100_cm4 -D__MCUXPRESSO -D__USE_CMSIS -DDEBUG -I../board -I../source -I../ -I../freertos/include -I../freertos/portable -I../CMSIS_driver -I../CMSIS/drivers -I../startup -I../CMSIS -O0 -fno-common -g3 -Wall -c -fmessage-length=0 -mcpu=cortex-m4 -mfpu=fpv4-sp-d16 -mfloat-abi=hard -mthumb -D__NEWLIB__ -MMD -MP -MF"source/uart_crc.d" -MT"source/uart_crc.o" -MT"source/uart_crc.d" -o "source/uart_crc.o" "../source/uart_crc.cpp"
Invoking: MCU C++ Compiler
arm-none-eabi-c++ -D__NEWLIB__ -DFSL_RTOS_BM -DSDK_OS_BAREMETAL -DSDK_DEBUGCONSOLE=0 -DSDK_OS_FREE_RTOS -DFSL_RTOS_FREE_RTOS -DCPU_LPC54616J512ET100 -DCPU_LPC54616J512ET100_cm4 -D__MCUXPRESSO -D__USE_CMSIS -DDEBUG -I../board -I../source -I../ -I../freertos/include -I../freertos/portable -I../CMSIS_driver -I../CMSIS/drivers -I../startup -I../CMSIS -O0 -fno-common -g3 -Wall -c -fmessage-length=0 -mcpu=cortex-m4 -mfpu=fpv4-sp-d16 -mfloat-abi=hard -mthumb -D__NEWLIB__ -MMD -MP -MF"source/usbmidiio.d" -MT"source/usbmidiio.o" -MT"source/usbmidiio.d" -o "source/usbmidiio.o" "../source/usbmidiio.cpp"
../source/uart_crc.cpp: In function 'void sync_in_read_complete(int, void*)':
../source/uart_crc.cpp:148:33: error: 'struct uart_t' has no member named 'peek'
     uint8_t data = state->uart->peek();
                                 ^~~~
../source/uart_crc.cpp:150:7: error: 'uart_read' was not declared in this scope
       uart_read(sync_read_buf, 1);
       ^~~~~~~~~
../source/uart_crc.cpp:150:7: note: suggested alternative: 'uart_rx_t'
       uart_read(sync_read_buf, 1);
       ^~~~~~~~~
       uart_rx_t
../source/uart_crc.cpp:155:5: warning: statement has no effect [-Wunused-value]
     uart_waitfor(6);
     ^~~~~~~~~~~~~~~
../source/uart_crc.cpp:165:3: error: 'uart_read' was not declared in this scope
   uart_read(data, 6);
   ^~~~~~~~~
../source/uart_crc.cpp:165:3: note: suggested alternative: 'uart_rx_t'
   uart_read(data, 6);
   ^~~~~~~~~
   uart_rx_t
../source/uart_crc.cpp:175:5: warning: statement has no effect [-Wunused-value]
     uart_waitfor(1);
     ^~~~~~~~~~~~~~~
../source/uart_crc.cpp:196:14: error: 'struct sync_state_t' has no member named 'data_cb'; did you mean 'data'?
       state->data_cb(in_dst, &data[1]);
              ^~~~~~~
              data
../source/uart_crc.cpp:205:16: error: 'struct sync_state_t' has no member named 'oob_data_cb'; did you mean 'oob_data'?
     if (state->oob_data_cb) {
                ^~~~~~~~~~~
                oob_data
../source/uart_crc.cpp:208:18: error: 'struct sync_state_t' has no member named 'oob_data_cb'; did you mean 'oob_data'?
       if (state->oob_data_cb(cmd, d) == 0) {
                  ^~~~~~~~~~~
                  oob_data
../source/uart_crc.cpp:218:3: warning: statement has no effect [-Wunused-value]
   uart_waitfor(6);
   ^~~~~~~~~~~~~~~
../source/uart_crc.cpp: In function 'void sync_out_write_begin(sync_state_t*, int, uint8_t*, int)':
../source/uart_crc.cpp:238:21: error: 'uart_write' was not declared in this scope
   int write_count = uart_write(sync_write_buf, size);
                     ^~~~~~~~~~
../source/uart_crc.cpp:238:21: note: suggested alternative: 'uart_init'
   int write_count = uart_write(sync_write_buf, size);
                     ^~~~~~~~~~
                     uart_init
../source/uart_crc.cpp: In function 'void sync_out_write_complete(int, void*)':
../source/uart_crc.cpp:249:12: error: 'struct sync_state_t' has no member named 'complete_cb'; did you mean 'complete'?
     state->complete_cb(1);
            ^~~~~~~~~~~
            complete
../source/uart_crc.cpp:272:7: error: 'uart_write' was not declared in this scope
       uart_write(data, 4);
       ^~~~~~~~~~
../source/uart_crc.cpp:272:7: note: suggested alternative: 'uart_init'
       uart_write(data, 4);
       ^~~~~~~~~~
       uart_init
../source/uart_crc.cpp:316:12: error: 'struct sync_state_t' has no member named 'complete_cb'; did you mean 'complete'?
     state->complete_cb(0);
            ^~~~~~~~~~~
            complete
../source/uart_crc.cpp: In function 'int sync_oob_word(sync_state_t*, uint8_t, uint32_t, oob_transfer_complete_cb)':
../source/uart_crc.cpp:406:44: error: 'struct oob_entry_t' has no member named 'complete'; did you mean 'complete_cb'?
   state->oob_queue[state->oob_queue_write].complete = complete_cb;
                                            ^~~~~~~~
                                            complete_cb
../source/uart_crc.cpp: In function 'int oobfunc(uint8_t, uint32_t)':
../source/uart_crc.cpp:434:50: warning: format '%x' expects argument of type 'unsigned int', but argument 3 has type 'uint32_t {aka long unsigned int}' [-Wformat=]
   printf("oob data(cmd=%d, data=%x)\n", cmd, data);
                                                  ^
../source/uart_crc.cpp: In function 'void test()':
../source/uart_crc.cpp:457:19: error: 'uart0' was not declared in this scope
   uart_configure(&uart0,
                   ^~~~~
../source/uart_crc.cpp:457:19: note: suggested alternative: 'uart_t'
   uart_configure(&uart0,
                   ^~~~~
                   uart_t
../source/uart_crc.cpp:470:3: warning: statement has no effect [-Wunused-value]
   uart_waitfor(6);
   ^~~~~~~~~~~~~~~
../source/uart_crc.cpp:477:5: error: 'uart_run' was not declared in this scope
     uart_run(&uart0);
     ^~~~~~~~
../source/uart_crc.cpp:477:5: note: suggested alternative: 'uart_t'
     uart_run(&uart0);
     ^~~~~~~~
     uart_t
../source/uart_crc.cpp: In function 'int main()':
../source/uart_crc.cpp:487:5: error: 'uart_byte_counter' was not declared in this scope
     uart_byte_counter = 0;
     ^~~~~~~~~~~~~~~~~
../source/uart_crc.cpp:487:5: note: suggested alternative: 'uart_write_func'
     uart_byte_counter = 0;
     ^~~~~~~~~~~~~~~~~
     uart_write_func
../source/uart_crc.cpp:488:5: error: 'uart_dropbyte' was not declared in this scope
     uart_dropbyte = random() % 255;
     ^~~~~~~~~~~~~
../source/uart_crc.cpp:488:5: note: suggested alternative: 'uart_rx_t'
     uart_dropbyte = random() % 255;
     ^~~~~~~~~~~~~
     uart_rx_t
../source/uart_crc.cpp:489:5: error: 'uart_errorbit' was not declared in this scope
     uart_errorbit = random() % 2047;
     ^~~~~~~~~~~~~
../source/uart_crc.cpp:489:5: note: suggested alternative: 'uart_init'
     uart_errorbit = random() % 2047;
     ^~~~~~~~~~~~~
     uart_init
../source/uart_crc.cpp:490:5: error: 'databuf_read' was not declared in this scope
     databuf_read = 0;
     ^~~~~~~~~~~~
../source/uart_crc.cpp:491:5: error: 'databuf_write' was not declared in this scope
     databuf_write = 0;
     ^~~~~~~~~~~~~
../source/rpi.cpp: In function 'void fifo_rx_process()':
../source/rpi.cpp:96:51: error: invalid conversion from 'void*' to 'int' [-fpermissive]
   rpi_uart->config.read_complete(rpi_uart->config.read_complete_data);
                                  ~~~~~~~~~~~~~~~~~^~~~~~~~~~~~~~~~~~
../source/rpi.cpp:96:69: error: too few arguments to function
   rpi_uart->config.read_complete(rpi_uart->config.read_complete_data);
                                                                     ^
../source/rpi.cpp: At global scope:
../source/rpi.cpp:70:12: warning: 'int fifo_tx_full()' defined but not used [-Wunused-function]
 static int fifo_tx_full()
            ^~~~~~~~~~~~
../source/rpi.cpp:35:12: warning: 'int fifo_rx_empty()' defined but not used [-Wunused-function]
 static int fifo_rx_empty()
            ^~~~~~~~~~~~~
make: *** [source/uart_crc.o] Error 1
make: *** Waiting for unfinished jobs....
make: *** [source/rpi.o] Error 1
../source/usbmidiio.cpp: In function 'void dsp_cmd(int, int, uint16_t)':
../source/usbmidiio.cpp:81:2: error: 'rpi_write' was not declared in this scope
  rpi_write(data, 4);
  ^~~~~~~~~
../source/usbmidiio.cpp:81:2: note: suggested alternative: 'rpi_init'
  rpi_write(data, 4);
  ^~~~~~~~~
  rpi_init
../source/usbmidiio.cpp: In function 'void KeyScan()':
../source/usbmidiio.cpp:190:70: warning: format '%d' expects argument of type 'int', but argument 2 has type 'long unsigned int' [-Wformat=]
                      printf("%d break\n", (keyscanindex >> 1) * 8 + i);
                                           ~~~~~~~~~~~~~~~~~~~~~~~~~~~^
../source/usbmidiio.cpp: In function 'int main()':
../source/usbmidiio.cpp:523:14: error: too few arguments to function 'void rpi_init(uart_t*)'
     rpi_init();
              ^
In file included from ../source/usbmidiio.cpp:44:0:
../source/rpi.h:10:6: note: declared here
 void rpi_init(uart_t* uart);
      ^~~~~~~~
make: *** [source/usbmidiio.o] Error 1
17:59:55 **** Incremental Build of configuration Debug for project usbmidiio ****
make -r -j8 all 
Building file: ../source/rpi.cpp
Building file: ../source/uart_crc.cpp
Building file: ../source/usbmidiio.cpp
Invoking: MCU C++ Compiler
Invoking: MCU C++ Compiler
arm-none-eabi-c++ -D__NEWLIB__ -DFSL_RTOS_BM -DSDK_OS_BAREMETAL -DSDK_DEBUGCONSOLE=0 -DSDK_OS_FREE_RTOS -DFSL_RTOS_FREE_RTOS -DCPU_LPC54616J512ET100 -DCPU_LPC54616J512ET100_cm4 -D__MCUXPRESSO -D__USE_CMSIS -DDEBUG -I../board -I../source -I../ -I../freertos/include -I../freertos/portable -I../CMSIS_driver -I../CMSIS/drivers -I../startup -I../CMSIS -O0 -fno-common -g3 -Wall -c -fmessage-length=0 -mcpu=cortex-m4 -mfpu=fpv4-sp-d16 -mfloat-abi=hard -mthumb -D__NEWLIB__ -MMD -MP -MF"source/rpi.d" -MT"source/rpi.o" -MT"source/rpi.d" -o "source/rpi.o" "../source/rpi.cpp"
Invoking: MCU C++ Compiler
arm-none-eabi-c++ -D__NEWLIB__ -DFSL_RTOS_BM -DSDK_OS_BAREMETAL -DSDK_DEBUGCONSOLE=0 -DSDK_OS_FREE_RTOS -DFSL_RTOS_FREE_RTOS -DCPU_LPC54616J512ET100 -DCPU_LPC54616J512ET100_cm4 -D__MCUXPRESSO -D__USE_CMSIS -DDEBUG -I../board -I../source -I../ -I../freertos/include -I../freertos/portable -I../CMSIS_driver -I../CMSIS/drivers -I../startup -I../CMSIS -O0 -fno-common -g3 -Wall -c -fmessage-length=0 -mcpu=cortex-m4 -mfpu=fpv4-sp-d16 -mfloat-abi=hard -mthumb -D__NEWLIB__ -MMD -MP -MF"source/uart_crc.d" -MT"source/uart_crc.o" -MT"source/uart_crc.d" -o "source/uart_crc.o" "../source/uart_crc.cpp"
arm-none-eabi-c++ -D__NEWLIB__ -DFSL_RTOS_BM -DSDK_OS_BAREMETAL -DSDK_DEBUGCONSOLE=0 -DSDK_OS_FREE_RTOS -DFSL_RTOS_FREE_RTOS -DCPU_LPC54616J512ET100 -DCPU_LPC54616J512ET100_cm4 -D__MCUXPRESSO -D__USE_CMSIS -DDEBUG -I../board -I../source -I../ -I../freertos/include -I../freertos/portable -I../CMSIS_driver -I../CMSIS/drivers -I../startup -I../CMSIS -O0 -fno-common -g3 -Wall -c -fmessage-length=0 -mcpu=cortex-m4 -mfpu=fpv4-sp-d16 -mfloat-abi=hard -mthumb -D__NEWLIB__ -MMD -MP -MF"source/usbmidiio.d" -MT"source/usbmidiio.o" -MT"source/usbmidiio.d" -o "source/usbmidiio.o" "../source/usbmidiio.cpp"
../source/uart_crc.cpp: In function 'void sync_in_read_complete(int, void*)':
../source/uart_crc.cpp:148:33: error: 'struct uart_t' has no member named 'peek'
     uint8_t data = state->uart->peek();
                                 ^~~~
../source/uart_crc.cpp:150:19: error: 'struct uart_t' has no member named 'read'
      state->uart->read(sync_read_buf, 1);
                   ^~~~
../source/uart_crc.cpp:155:18: error: 'struct uart_t' has no member named 'waitfor'
     state->uart->waitfor(6);
                  ^~~~~~~
../source/uart_crc.cpp:165:16: error: 'struct uart_t' has no member named 'read'
   state->uart->read(data, 6);
                ^~~~
../source/uart_crc.cpp:175:18: error: 'struct uart_t' has no member named 'waitfor'
     state->uart->waitfor(1);
                  ^~~~~~~
../source/uart_crc.cpp:196:14: error: 'struct sync_state_t' has no member named 'data_cb'; did you mean 'data'?
       state->data_cb(in_dst, &data[1]);
              ^~~~~~~
              data
../source/uart_crc.cpp:205:16: error: 'struct sync_state_t' has no member named 'oob_data_cb'; did you mean 'oob_data'?
     if (state->oob_data_cb) {
                ^~~~~~~~~~~
                oob_data
../source/uart_crc.cpp:208:18: error: 'struct sync_state_t' has no member named 'oob_data_cb'; did you mean 'oob_data'?
       if (state->oob_data_cb(cmd, d) == 0) {
                  ^~~~~~~~~~~
                  oob_data
../source/uart_crc.cpp:218:16: error: 'struct uart_t' has no member named 'waitfor'
   state->uart->waitfor(6);
                ^~~~~~~
../source/uart_crc.cpp: In function 'void sync_out_write_begin(sync_state_t*, int, uint8_t*, int)':
../source/uart_crc.cpp:238:34: error: 'struct uart_t' has no member named 'write'
   int write_count = state->uart->write(sync_write_buf, size);
                                  ^~~~~
../source/uart_crc.cpp: In function 'void sync_out_write_complete(int, void*)':
../source/uart_crc.cpp:249:12: error: 'struct sync_state_t' has no member named 'complete_cb'; did you mean 'complete'?
     state->complete_cb(1);
            ^~~~~~~~~~~
            complete
../source/uart_crc.cpp:272:20: error: 'struct uart_t' has no member named 'write'
       state->uart->write(data, 4);
                    ^~~~~
../source/uart_crc.cpp:316:12: error: 'struct sync_state_t' has no member named 'complete_cb'; did you mean 'complete'?
     state->complete_cb(0);
            ^~~~~~~~~~~
            complete
../source/uart_crc.cpp: In function 'int sync_oob_word(sync_state_t*, uint8_t, uint32_t, oob_transfer_complete_cb)':
../source/uart_crc.cpp:406:44: error: 'struct oob_entry_t' has no member named 'complete'; did you mean 'complete_cb'?
   state->oob_queue[state->oob_queue_write].complete = complete_cb;
                                            ^~~~~~~~
                                            complete_cb
../source/uart_crc.cpp: In function 'int oobfunc(uint8_t, uint32_t)':
../source/uart_crc.cpp:434:50: warning: format '%x' expects argument of type 'unsigned int', but argument 3 has type 'uint32_t {aka long unsigned int}' [-Wformat=]
   printf("oob data(cmd=%d, data=%x)\n", cmd, data);
                                                  ^
../source/uart_crc.cpp: At global scope:
../source/uart_crc.cpp:19:13: warning: 'void crc_init()' defined but not used [-Wunused-function]
 static void crc_init(void)
             ^~~~~~~~
../source/rpi.cpp: In function 'void fifo_rx_process()':
../source/rpi.cpp:96:51: error: invalid conversion from 'void*' to 'int' [-fpermissive]
   rpi_uart->config.read_complete(rpi_uart->config.read_complete_data);
                                  ~~~~~~~~~~~~~~~~~^~~~~~~~~~~~~~~~~~
../source/rpi.cpp:96:69: error: too few arguments to function
   rpi_uart->config.read_complete(rpi_uart->config.read_complete_data);
                                                                     ^
../source/rpi.cpp: At global scope:
../source/rpi.cpp:70:12: warning: 'int fifo_tx_full()' defined but not used [-Wunused-function]
 static int fifo_tx_full()
            ^~~~~~~~~~~~
../source/rpi.cpp:35:12: warning: 'int fifo_rx_empty()' defined but not used [-Wunused-function]
 static int fifo_rx_empty()
            ^~~~~~~~~~~~~
make: *** [source/uart_crc.o] Error 1
make: *** Waiting for unfinished jobs....
make: *** [source/rpi.o] Error 1
../source/usbmidiio.cpp: In function 'void dsp_cmd(int, int, uint16_t)':
../source/usbmidiio.cpp:81:2: error: 'rpi_write' was not declared in this scope
  rpi_write(data, 4);
  ^~~~~~~~~
../source/usbmidiio.cpp:81:2: note: suggested alternative: 'rpi_init'
  rpi_write(data, 4);
  ^~~~~~~~~
  rpi_init
../source/usbmidiio.cpp: In function 'void KeyScan()':
../source/usbmidiio.cpp:190:70: warning: format '%d' expects argument of type 'int', but argument 2 has type 'long unsigned int' [-Wformat=]
                      printf("%d break\n", (keyscanindex >> 1) * 8 + i);
                                           ~~~~~~~~~~~~~~~~~~~~~~~~~~~^
../source/usbmidiio.cpp: In function 'int main()':
../source/usbmidiio.cpp:523:14: error: too few arguments to function 'void rpi_init(uart_t*)'
     rpi_init();
              ^
In file included from ../source/usbmidiio.cpp:44:0:
../source/rpi.h:10:6: note: declared here
 void rpi_init(uart_t* uart);
      ^~~~~~~~
make: *** [source/usbmidiio.o] Error 1
18:00:57 **** Incremental Build of configuration Debug for project usbmidiio ****
make -r -j8 all 
Building file: ../source/rpi.cpp
Building file: ../source/uart_crc.cpp
Building file: ../source/usbmidiio.cpp
Invoking: MCU C++ Compiler
Invoking: MCU C++ Compiler
arm-none-eabi-c++ -D__NEWLIB__ -DFSL_RTOS_BM -DSDK_OS_BAREMETAL -DSDK_DEBUGCONSOLE=0 -DSDK_OS_FREE_RTOS -DFSL_RTOS_FREE_RTOS -DCPU_LPC54616J512ET100 -DCPU_LPC54616J512ET100_cm4 -D__MCUXPRESSO -D__USE_CMSIS -DDEBUG -I../board -I../source -I../ -I../freertos/include -I../freertos/portable -I../CMSIS_driver -I../CMSIS/drivers -I../startup -I../CMSIS -O0 -fno-common -g3 -Wall -c -fmessage-length=0 -mcpu=cortex-m4 -mfpu=fpv4-sp-d16 -mfloat-abi=hard -mthumb -D__NEWLIB__ -MMD -MP -MF"source/rpi.d" -MT"source/rpi.o" -MT"source/rpi.d" -o "source/rpi.o" "../source/rpi.cpp"
Invoking: MCU C++ Compiler
arm-none-eabi-c++ -D__NEWLIB__ -DFSL_RTOS_BM -DSDK_OS_BAREMETAL -DSDK_DEBUGCONSOLE=0 -DSDK_OS_FREE_RTOS -DFSL_RTOS_FREE_RTOS -DCPU_LPC54616J512ET100 -DCPU_LPC54616J512ET100_cm4 -D__MCUXPRESSO -D__USE_CMSIS -DDEBUG -I../board -I../source -I../ -I../freertos/include -I../freertos/portable -I../CMSIS_driver -I../CMSIS/drivers -I../startup -I../CMSIS -O0 -fno-common -g3 -Wall -c -fmessage-length=0 -mcpu=cortex-m4 -mfpu=fpv4-sp-d16 -mfloat-abi=hard -mthumb -D__NEWLIB__ -MMD -MP -MF"source/uart_crc.d" -MT"source/uart_crc.o" -MT"source/uart_crc.d" -o "source/uart_crc.o" "../source/uart_crc.cpp"
arm-none-eabi-c++ -D__NEWLIB__ -DFSL_RTOS_BM -DSDK_OS_BAREMETAL -DSDK_DEBUGCONSOLE=0 -DSDK_OS_FREE_RTOS -DFSL_RTOS_FREE_RTOS -DCPU_LPC54616J512ET100 -DCPU_LPC54616J512ET100_cm4 -D__MCUXPRESSO -D__USE_CMSIS -DDEBUG -I../board -I../source -I../ -I../freertos/include -I../freertos/portable -I../CMSIS_driver -I../CMSIS/drivers -I../startup -I../CMSIS -O0 -fno-common -g3 -Wall -c -fmessage-length=0 -mcpu=cortex-m4 -mfpu=fpv4-sp-d16 -mfloat-abi=hard -mthumb -D__NEWLIB__ -MMD -MP -MF"source/usbmidiio.d" -MT"source/usbmidiio.o" -MT"source/usbmidiio.d" -o "source/usbmidiio.o" "../source/usbmidiio.cpp"
../source/uart_crc.cpp: In function 'int sync_oob_word(sync_state_t*, uint8_t, uint32_t, oob_transfer_complete_cb)':
../source/uart_crc.cpp:406:44: error: 'struct oob_entry_t' has no member named 'complete'; did you mean 'complete_cb'?
   state->oob_queue[state->oob_queue_write].complete = complete_cb;
                                            ^~~~~~~~
                                            complete_cb
../source/uart_crc.cpp: In function 'int oobfunc(uint8_t, uint32_t)':
../source/uart_crc.cpp:434:50: warning: format '%x' expects argument of type 'unsigned int', but argument 3 has type 'uint32_t {aka long unsigned int}' [-Wformat=]
   printf("oob data(cmd=%d, data=%x)\n", cmd, data);
                                                  ^
../source/uart_crc.cpp: At global scope:
../source/uart_crc.cpp:19:13: warning: 'void crc_init()' defined but not used [-Wunused-function]
 static void crc_init(void)
             ^~~~~~~~
../source/rpi.cpp: In function 'void fifo_rx_process()':
../source/rpi.cpp:96:51: error: invalid conversion from 'void*' to 'int' [-fpermissive]
   rpi_uart->config.read_complete(rpi_uart->config.read_complete_data);
                                  ~~~~~~~~~~~~~~~~~^~~~~~~~~~~~~~~~~~
../source/rpi.cpp:96:69: error: too few arguments to function
   rpi_uart->config.read_complete(rpi_uart->config.read_complete_data);
                                                                     ^
../source/rpi.cpp: At global scope:
../source/rpi.cpp:70:12: warning: 'int fifo_tx_full()' defined but not used [-Wunused-function]
 static int fifo_tx_full()
            ^~~~~~~~~~~~
../source/rpi.cpp:35:12: warning: 'int fifo_rx_empty()' defined but not used [-Wunused-function]
 static int fifo_rx_empty()
            ^~~~~~~~~~~~~
make: *** [source/uart_crc.o] Error 1
make: *** Waiting for unfinished jobs....
make: *** [source/rpi.o] Error 1
../source/usbmidiio.cpp: In function 'void dsp_cmd(int, int, uint16_t)':
../source/usbmidiio.cpp:81:2: error: 'rpi_write' was not declared in this scope
  rpi_write(data, 4);
  ^~~~~~~~~
../source/usbmidiio.cpp:81:2: note: suggested alternative: 'rpi_init'
  rpi_write(data, 4);
  ^~~~~~~~~
  rpi_init
../source/usbmidiio.cpp: In function 'void KeyScan()':
../source/usbmidiio.cpp:190:70: warning: format '%d' expects argument of type 'int', but argument 2 has type 'long unsigned int' [-Wformat=]
                      printf("%d break\n", (keyscanindex >> 1) * 8 + i);
                                           ~~~~~~~~~~~~~~~~~~~~~~~~~~~^
../source/usbmidiio.cpp: In function 'int main()':
../source/usbmidiio.cpp:523:14: error: too few arguments to function 'void rpi_init(uart_t*)'
     rpi_init();
              ^
In file included from ../source/usbmidiio.cpp:44:0:
../source/rpi.h:10:6: note: declared here
 void rpi_init(uart_t* uart);
      ^~~~~~~~
make: *** [source/usbmidiio.o] Error 1
18:01:25 **** Incremental Build of configuration Debug for project usbmidiio ****
make -r -j8 all 
Building file: ../source/rpi.cpp
Building file: ../source/uart_crc.cpp
Building file: ../source/usbmidiio.cpp
Invoking: MCU C++ Compiler
Invoking: MCU C++ Compiler
arm-none-eabi-c++ -D__NEWLIB__ -DFSL_RTOS_BM -DSDK_OS_BAREMETAL -DSDK_DEBUGCONSOLE=0 -DSDK_OS_FREE_RTOS -DFSL_RTOS_FREE_RTOS -DCPU_LPC54616J512ET100 -DCPU_LPC54616J512ET100_cm4 -D__MCUXPRESSO -D__USE_CMSIS -DDEBUG -I../board -I../source -I../ -I../freertos/include -I../freertos/portable -I../CMSIS_driver -I../CMSIS/drivers -I../startup -I../CMSIS -O0 -fno-common -g3 -Wall -c -fmessage-length=0 -mcpu=cortex-m4 -mfpu=fpv4-sp-d16 -mfloat-abi=hard -mthumb -D__NEWLIB__ -MMD -MP -MF"source/rpi.d" -MT"source/rpi.o" -MT"source/rpi.d" -o "source/rpi.o" "../source/rpi.cpp"
Invoking: MCU C++ Compiler
arm-none-eabi-c++ -D__NEWLIB__ -DFSL_RTOS_BM -DSDK_OS_BAREMETAL -DSDK_DEBUGCONSOLE=0 -DSDK_OS_FREE_RTOS -DFSL_RTOS_FREE_RTOS -DCPU_LPC54616J512ET100 -DCPU_LPC54616J512ET100_cm4 -D__MCUXPRESSO -D__USE_CMSIS -DDEBUG -I../board -I../source -I../ -I../freertos/include -I../freertos/portable -I../CMSIS_driver -I../CMSIS/drivers -I../startup -I../CMSIS -O0 -fno-common -g3 -Wall -c -fmessage-length=0 -mcpu=cortex-m4 -mfpu=fpv4-sp-d16 -mfloat-abi=hard -mthumb -D__NEWLIB__ -MMD -MP -MF"source/uart_crc.d" -MT"source/uart_crc.o" -MT"source/uart_crc.d" -o "source/uart_crc.o" "../source/uart_crc.cpp"
arm-none-eabi-c++ -D__NEWLIB__ -DFSL_RTOS_BM -DSDK_OS_BAREMETAL -DSDK_DEBUGCONSOLE=0 -DSDK_OS_FREE_RTOS -DFSL_RTOS_FREE_RTOS -DCPU_LPC54616J512ET100 -DCPU_LPC54616J512ET100_cm4 -D__MCUXPRESSO -D__USE_CMSIS -DDEBUG -I../board -I../source -I../ -I../freertos/include -I../freertos/portable -I../CMSIS_driver -I../CMSIS/drivers -I../startup -I../CMSIS -O0 -fno-common -g3 -Wall -c -fmessage-length=0 -mcpu=cortex-m4 -mfpu=fpv4-sp-d16 -mfloat-abi=hard -mthumb -D__NEWLIB__ -MMD -MP -MF"source/usbmidiio.d" -MT"source/usbmidiio.o" -MT"source/usbmidiio.d" -o "source/usbmidiio.o" "../source/usbmidiio.cpp"
../source/uart_crc.cpp: In function 'int oobfunc(uint8_t, uint32_t)':
../source/uart_crc.cpp:434:50: warning: format '%x' expects argument of type 'unsigned int', but argument 3 has type 'uint32_t {aka long unsigned int}' [-Wformat=]
   printf("oob data(cmd=%d, data=%x)\n", cmd, data);
                                                  ^
../source/uart_crc.cpp: At global scope:
../source/uart_crc.cpp:19:13: warning: 'void crc_init()' defined but not used [-Wunused-function]
 static void crc_init(void)
             ^~~~~~~~
../source/rpi.cpp: In function 'void fifo_rx_process()':
../source/rpi.cpp:96:51: error: invalid conversion from 'void*' to 'int' [-fpermissive]
   rpi_uart->config.read_complete(rpi_uart->config.read_complete_data);
                                  ~~~~~~~~~~~~~~~~~^~~~~~~~~~~~~~~~~~
../source/rpi.cpp:96:69: error: too few arguments to function
   rpi_uart->config.read_complete(rpi_uart->config.read_complete_data);
                                                                     ^
../source/rpi.cpp: At global scope:
../source/rpi.cpp:70:12: warning: 'int fifo_tx_full()' defined but not used [-Wunused-function]
 static int fifo_tx_full()
            ^~~~~~~~~~~~
../source/rpi.cpp:35:12: warning: 'int fifo_rx_empty()' defined but not used [-Wunused-function]
 static int fifo_rx_empty()
            ^~~~~~~~~~~~~
make: *** [source/rpi.o] Error 1
make: *** Waiting for unfinished jobs....
../source/usbmidiio.cpp: In function 'void dsp_cmd(int, int, uint16_t)':
../source/usbmidiio.cpp:81:2: error: 'rpi_write' was not declared in this scope
  rpi_write(data, 4);
  ^~~~~~~~~
../source/usbmidiio.cpp:81:2: note: suggested alternative: 'rpi_init'
  rpi_write(data, 4);
  ^~~~~~~~~
  rpi_init
../source/usbmidiio.cpp: In function 'void KeyScan()':
../source/usbmidiio.cpp:190:70: warning: format '%d' expects argument of type 'int', but argument 2 has type 'long unsigned int' [-Wformat=]
                      printf("%d break\n", (keyscanindex >> 1) * 8 + i);
                                           ~~~~~~~~~~~~~~~~~~~~~~~~~~~^
../source/usbmidiio.cpp: In function 'int main()':
../source/usbmidiio.cpp:523:14: error: too few arguments to function 'void rpi_init(uart_t*)'
     rpi_init();
              ^
In file included from ../source/usbmidiio.cpp:44:0:
../source/rpi.h:10:6: note: declared here
 void rpi_init(uart_t* uart);
      ^~~~~~~~
make: *** [source/usbmidiio.o] Error 1
Finished building: ../source/uart_crc.cpp
 
18:01:45 **** Incremental Build of configuration Debug for project usbmidiio ****
make -r -j8 all 
Building file: ../source/rpi.cpp
Building file: ../source/usbmidiio.cpp
Invoking: MCU C++ Compiler
arm-none-eabi-c++ -D__NEWLIB__ -DFSL_RTOS_BM -DSDK_OS_BAREMETAL -DSDK_DEBUGCONSOLE=0 -DSDK_OS_FREE_RTOS -DFSL_RTOS_FREE_RTOS -DCPU_LPC54616J512ET100 -DCPU_LPC54616J512ET100_cm4 -D__MCUXPRESSO -D__USE_CMSIS -DDEBUG -I../board -I../source -I../ -I../freertos/include -I../freertos/portable -I../CMSIS_driver -I../CMSIS/drivers -I../startup -I../CMSIS -O0 -fno-common -g3 -Wall -c -fmessage-length=0 -mcpu=cortex-m4 -mfpu=fpv4-sp-d16 -mfloat-abi=hard -mthumb -D__NEWLIB__ -MMD -MP -MF"source/rpi.d" -MT"source/rpi.o" -MT"source/rpi.d" -o "source/rpi.o" "../source/rpi.cpp"
Invoking: MCU C++ Compiler
arm-none-eabi-c++ -D__NEWLIB__ -DFSL_RTOS_BM -DSDK_OS_BAREMETAL -DSDK_DEBUGCONSOLE=0 -DSDK_OS_FREE_RTOS -DFSL_RTOS_FREE_RTOS -DCPU_LPC54616J512ET100 -DCPU_LPC54616J512ET100_cm4 -D__MCUXPRESSO -D__USE_CMSIS -DDEBUG -I../board -I../source -I../ -I../freertos/include -I../freertos/portable -I../CMSIS_driver -I../CMSIS/drivers -I../startup -I../CMSIS -O0 -fno-common -g3 -Wall -c -fmessage-length=0 -mcpu=cortex-m4 -mfpu=fpv4-sp-d16 -mfloat-abi=hard -mthumb -D__NEWLIB__ -MMD -MP -MF"source/usbmidiio.d" -MT"source/usbmidiio.o" -MT"source/usbmidiio.d" -o "source/usbmidiio.o" "../source/usbmidiio.cpp"
../source/rpi.cpp:70:12: warning: 'int fifo_tx_full()' defined but not used [-Wunused-function]
 static int fifo_tx_full()
            ^~~~~~~~~~~~
../source/rpi.cpp:35:12: warning: 'int fifo_rx_empty()' defined but not used [-Wunused-function]
 static int fifo_rx_empty()
            ^~~~~~~~~~~~~
../source/usbmidiio.cpp: In function 'void dsp_cmd(int, int, uint16_t)':
../source/usbmidiio.cpp:81:2: error: 'rpi_write' was not declared in this scope
  rpi_write(data, 4);
  ^~~~~~~~~
../source/usbmidiio.cpp:81:2: note: suggested alternative: 'rpi_init'
  rpi_write(data, 4);
  ^~~~~~~~~
  rpi_init
../source/usbmidiio.cpp: In function 'void KeyScan()':
../source/usbmidiio.cpp:190:70: warning: format '%d' expects argument of type 'int', but argument 2 has type 'long unsigned int' [-Wformat=]
                      printf("%d break\n", (keyscanindex >> 1) * 8 + i);
                                           ~~~~~~~~~~~~~~~~~~~~~~~~~~~^
../source/usbmidiio.cpp: In function 'int main()':
../source/usbmidiio.cpp:523:14: error: too few arguments to function 'void rpi_init(uart_t*)'
     rpi_init();
              ^
In file included from ../source/usbmidiio.cpp:44:0:
../source/rpi.h:10:6: note: declared here
 void rpi_init(uart_t* uart);
      ^~~~~~~~
make: *** [source/usbmidiio.o] Error 1
make: *** Waiting for unfinished jobs....
Finished building: ../source/rpi.cpp
 
18:01:59 **** Incremental Build of configuration Debug for project usbmidiio ****
make -r -j8 all 
Building file: ../source/usbmidiio.cpp
Invoking: MCU C++ Compiler
arm-none-eabi-c++ -D__NEWLIB__ -DFSL_RTOS_BM -DSDK_OS_BAREMETAL -DSDK_DEBUGCONSOLE=0 -DSDK_OS_FREE_RTOS -DFSL_RTOS_FREE_RTOS -DCPU_LPC54616J512ET100 -DCPU_LPC54616J512ET100_cm4 -D__MCUXPRESSO -D__USE_CMSIS -DDEBUG -I../board -I../source -I../ -I../freertos/include -I../freertos/portable -I../CMSIS_driver -I../CMSIS/drivers -I../startup -I../CMSIS -O0 -fno-common -g3 -Wall -c -fmessage-length=0 -mcpu=cortex-m4 -mfpu=fpv4-sp-d16 -mfloat-abi=hard -mthumb -D__NEWLIB__ -MMD -MP -MF"source/usbmidiio.d" -MT"source/usbmidiio.o" -MT"source/usbmidiio.d" -o "source/usbmidiio.o" "../source/usbmidiio.cpp"
../source/usbmidiio.cpp: In function 'void KeyScan()':
../source/usbmidiio.cpp:190:70: warning: format '%d' expects argument of type 'int', but argument 2 has type 'long unsigned int' [-Wformat=]
                      printf("%d break\n", (keyscanindex >> 1) * 8 + i);
                                           ~~~~~~~~~~~~~~~~~~~~~~~~~~~^
../source/usbmidiio.cpp: In function 'int main()':
../source/usbmidiio.cpp:523:14: error: too few arguments to function 'void rpi_init(uart_t*)'
     rpi_init();
              ^
In file included from ../source/usbmidiio.cpp:44:0:
../source/rpi.h:10:6: note: declared here
 void rpi_init(uart_t* uart);
      ^~~~~~~~
make: *** [source/usbmidiio.o] Error 1
18:02:56 **** Incremental Build of configuration Debug for project usbmidiio ****
make -r -j8 all 
Building file: ../source/rpi.cpp
Building file: ../source/usbmidiio.cpp
Invoking: MCU C++ Compiler
Invoking: MCU C++ Compiler
arm-none-eabi-c++ -D__NEWLIB__ -DFSL_RTOS_BM -DSDK_OS_BAREMETAL -DSDK_DEBUGCONSOLE=0 -DSDK_OS_FREE_RTOS -DFSL_RTOS_FREE_RTOS -DCPU_LPC54616J512ET100 -DCPU_LPC54616J512ET100_cm4 -D__MCUXPRESSO -D__USE_CMSIS -DDEBUG -I../board -I../source -I../ -I../freertos/include -I../freertos/portable -I../CMSIS_driver -I../CMSIS/drivers -I../startup -I../CMSIS -O0 -fno-common -g3 -Wall -c -fmessage-length=0 -mcpu=cortex-m4 -mfpu=fpv4-sp-d16 -mfloat-abi=hard -mthumb -D__NEWLIB__ -MMD -MP -MF"source/rpi.d" -MT"source/rpi.o" -MT"source/rpi.d" -o "source/rpi.o" "../source/rpi.cpp"
arm-none-eabi-c++ -D__NEWLIB__ -DFSL_RTOS_BM -DSDK_OS_BAREMETAL -DSDK_DEBUGCONSOLE=0 -DSDK_OS_FREE_RTOS -DFSL_RTOS_FREE_RTOS -DCPU_LPC54616J512ET100 -DCPU_LPC54616J512ET100_cm4 -D__MCUXPRESSO -D__USE_CMSIS -DDEBUG -I../board -I../source -I../ -I../freertos/include -I../freertos/portable -I../CMSIS_driver -I../CMSIS/drivers -I../startup -I../CMSIS -O0 -fno-common -g3 -Wall -c -fmessage-length=0 -mcpu=cortex-m4 -mfpu=fpv4-sp-d16 -mfloat-abi=hard -mthumb -D__NEWLIB__ -MMD -MP -MF"source/usbmidiio.d" -MT"source/usbmidiio.o" -MT"source/usbmidiio.d" -o "source/usbmidiio.o" "../source/usbmidiio.cpp"
../source/rpi.cpp:70:12: warning: 'int fifo_tx_full()' defined but not used [-Wunused-function]
 static int fifo_tx_full()
            ^~~~~~~~~~~~
../source/rpi.cpp:35:12: warning: 'int fifo_rx_empty()' defined but not used [-Wunused-function]
 static int fifo_rx_empty()
            ^~~~~~~~~~~~~
../source/usbmidiio.cpp: In function 'void KeyScan()':
../source/usbmidiio.cpp:190:70: warning: format '%d' expects argument of type 'int', but argument 2 has type 'long unsigned int' [-Wformat=]
                      printf("%d break\n", (keyscanindex >> 1) * 8 + i);
                                           ~~~~~~~~~~~~~~~~~~~~~~~~~~~^
Finished building: ../source/rpi.cpp
 
Finished building: ../source/usbmidiio.cpp
 
Building target: usbmidiio.axf
Invoking: MCU C++ Linker
arm-none-eabi-c++ -nostdlib -L"C:\work\pan\Syntonovo_PAN\controller\usbmidiio\libs" -Xlinker -Map="usbmidiio.map" -Xlinker --gc-sections -Xlinker -print-memory-usage -mcpu=cortex-m4 -mfpu=fpv4-sp-d16 -mfloat-abi=hard -mthumb -T "usbmidiio_Debug.ld" -o "usbmidiio.axf"  ./usb/osa/usb_osa_freertos.o  ./usb/device/usb_device_dci.o ./usb/device/usb_device_lpcip3511.o  ./startup/startup_lpc54616.o  ./source/usb/usb_device_cdc_acm.o ./source/usb/usb_device_ch9.o ./source/usb/usb_device_class.o ./source/usb/usb_device_descriptor.o ./source/usb/virtual_com.o  ./source/control.o ./source/rpi.o ./source/semihost_hardfault.o ./source/uart_crc.o ./source/usbmidiio.o  ./freertos/source/croutine.o ./freertos/source/event_groups.o ./freertos/source/list.o ./freertos/source/queue.o ./freertos/source/tasks.o ./freertos/source/timers.o  ./freertos/portable/fsl_tickless_systick.o ./freertos/portable/heap_4.o ./freertos/portable/port.o  ./board/board.o ./board/clock_config.o ./board/peripherals.o ./board/pin_mux.o  ./CMSIS/drivers/fsl_adc.o ./CMSIS/drivers/fsl_clock.o ./CMSIS/drivers/fsl_common.o ./CMSIS/drivers/fsl_crc.o ./CMSIS/drivers/fsl_ctimer.o ./CMSIS/drivers/fsl_dma.o ./CMSIS/drivers/fsl_dmic.o ./CMSIS/drivers/fsl_dmic_dma.o ./CMSIS/drivers/fsl_eeprom.o ./CMSIS/drivers/fsl_emc.o ./CMSIS/drivers/fsl_enet.o ./CMSIS/drivers/fsl_flashiap.o ./CMSIS/drivers/fsl_flexcomm.o ./CMSIS/drivers/fsl_fmc.o ./CMSIS/drivers/fsl_fmeas.o ./CMSIS/drivers/fsl_gint.o ./CMSIS/drivers/fsl_gpio.o ./CMSIS/drivers/fsl_i2c.o ./CMSIS/drivers/fsl_i2c_dma.o ./CMSIS/drivers/fsl_i2c_freertos.o ./CMSIS/drivers/fsl_i2s.o ./CMSIS/drivers/fsl_i2s_dma.o ./CMSIS/drivers/fsl_inputmux.o ./CMSIS/drivers/fsl_mcan.o ./CMSIS/drivers/fsl_mrt.o ./CMSIS/drivers/fsl_pint.o ./CMSIS/drivers/fsl_power.o ./CMSIS/drivers/fsl_reset.o ./CMSIS/drivers/fsl_rit.o ./CMSIS/drivers/fsl_rtc.o ./CMSIS/drivers/fsl_sctimer.o ./CMSIS/drivers/fsl_sdif.o ./CMSIS/drivers/fsl_spi.o ./CMSIS/drivers/fsl_spi_dma.o ./CMSIS/drivers/fsl_spi_freertos.o ./CMSIS/drivers/fsl_spifi.o ./CMSIS/drivers/fsl_spifi_dma.o ./CMSIS/drivers/fsl_usart.o ./CMSIS/drivers/fsl_usart_dma.o ./CMSIS/drivers/fsl_usart_freertos.o ./CMSIS/drivers/fsl_utick.o ./CMSIS/drivers/fsl_wwdt.o  ./CMSIS/system_LPC54616.o   -lpower_hardabi
Memory region         Used Size  Region Size  %age Used
   PROGRAM_FLASH:       65300 B       512 KB     12.45%
    SRAM_0_1_2_3:       23780 B       160 KB     14.51%
           SRAMX:          0 GB        32 KB      0.00%
         USB_RAM:          7 KB         8 KB     87.50%
Finished building target: usbmidiio.axf
 
make --no-print-directory post-build
Performing post-build steps
arm-none-eabi-size "usbmidiio.axf"; # arm-none-eabi-objcopy -v -O binary "usbmidiio.axf" "usbmidiio.bin" ; # checksum -p LPC54616J512 -d "usbmidiio.bin";
   text	   data	    bss	    dec	    hex	filename
  63616	   1684	  29156	  94456	  170f8	usbmidiio.axf
 
18:05:23 **** Incremental Build of configuration Debug for project usbmidiio ****
make -r -j8 all 
Building file: ../source/rpi.cpp
Building file: ../source/uart_crc.cpp
Building file: ../source/usbmidiio.cpp
Invoking: MCU C++ Compiler
Invoking: MCU C++ Compiler
arm-none-eabi-c++ -D__NEWLIB__ -DFSL_RTOS_BM -DSDK_OS_BAREMETAL -DSDK_DEBUGCONSOLE=0 -DSDK_OS_FREE_RTOS -DFSL_RTOS_FREE_RTOS -DCPU_LPC54616J512ET100 -DCPU_LPC54616J512ET100_cm4 -D__MCUXPRESSO -D__USE_CMSIS -DDEBUG -I../board -I../source -I../ -I../freertos/include -I../freertos/portable -I../CMSIS_driver -I../CMSIS/drivers -I../startup -I../CMSIS -O0 -fno-common -g3 -Wall -c -fmessage-length=0 -mcpu=cortex-m4 -mfpu=fpv4-sp-d16 -mfloat-abi=hard -mthumb -D__NEWLIB__ -MMD -MP -MF"source/rpi.d" -MT"source/rpi.o" -MT"source/rpi.d" -o "source/rpi.o" "../source/rpi.cpp"
Invoking: MCU C++ Compiler
arm-none-eabi-c++ -D__NEWLIB__ -DFSL_RTOS_BM -DSDK_OS_BAREMETAL -DSDK_DEBUGCONSOLE=0 -DSDK_OS_FREE_RTOS -DFSL_RTOS_FREE_RTOS -DCPU_LPC54616J512ET100 -DCPU_LPC54616J512ET100_cm4 -D__MCUXPRESSO -D__USE_CMSIS -DDEBUG -I../board -I../source -I../ -I../freertos/include -I../freertos/portable -I../CMSIS_driver -I../CMSIS/drivers -I../startup -I../CMSIS -O0 -fno-common -g3 -Wall -c -fmessage-length=0 -mcpu=cortex-m4 -mfpu=fpv4-sp-d16 -mfloat-abi=hard -mthumb -D__NEWLIB__ -MMD -MP -MF"source/uart_crc.d" -MT"source/uart_crc.o" -MT"source/uart_crc.d" -o "source/uart_crc.o" "../source/uart_crc.cpp"
arm-none-eabi-c++ -D__NEWLIB__ -DFSL_RTOS_BM -DSDK_OS_BAREMETAL -DSDK_DEBUGCONSOLE=0 -DSDK_OS_FREE_RTOS -DFSL_RTOS_FREE_RTOS -DCPU_LPC54616J512ET100 -DCPU_LPC54616J512ET100_cm4 -D__MCUXPRESSO -D__USE_CMSIS -DDEBUG -I../board -I../source -I../ -I../freertos/include -I../freertos/portable -I../CMSIS_driver -I../CMSIS/drivers -I../startup -I../CMSIS -O0 -fno-common -g3 -Wall -c -fmessage-length=0 -mcpu=cortex-m4 -mfpu=fpv4-sp-d16 -mfloat-abi=hard -mthumb -D__NEWLIB__ -MMD -MP -MF"source/usbmidiio.d" -MT"source/usbmidiio.o" -MT"source/usbmidiio.d" -o "source/usbmidiio.o" "../source/usbmidiio.cpp"
../source/uart_crc.cpp:90:8: error: redefinition of 'struct oob_entry_t'
 struct oob_entry_t
        ^~~~~~~~~~~
In file included from ../source/uart_crc.cpp:6:0:
../source/uart.h:63:8: note: previous definition of 'struct oob_entry_t'
 struct oob_entry_t
        ^~~~~~~~~~~
../source/uart_crc.cpp:97:8: error: redefinition of 'struct sync_state_t'
 struct sync_state_t
        ^~~~~~~~~~~~
In file included from ../source/uart_crc.cpp:6:0:
../source/uart.h:70:8: note: previous definition of 'struct sync_state_t'
 struct sync_state_t
        ^~~~~~~~~~~~
../source/uart_crc.cpp: In function 'int oobfunc(uint8_t, uint32_t)':
../source/uart_crc.cpp:434:50: warning: format '%x' expects argument of type 'unsigned int', but argument 3 has type 'uint32_t {aka long unsigned int}' [-Wformat=]
   printf("oob data(cmd=%d, data=%x)\n", cmd, data);
                                                  ^
../source/uart_crc.cpp: In function 'void sync_init(sync_state_t*, uart_t*)':
../source/uart_crc.cpp:464:8: error: cannot convert 'uart_t*' to 'uart_config_t*' for argument '1' to 'void uart_configure(uart_config_t*, uart_write_complete_cb, void*, uart_read_complete_cb, void*, uart_timer_tick_cb, void*)'
   state);
        ^
../source/uart_crc.cpp:471:15: error: 'struct uart_t' has no member named 'waitfor'
  state->uart->waitfor(6);
               ^~~~~~~
../source/uart_crc.cpp: At global scope:
../source/uart_crc.cpp:19:13: warning: 'void crc_init()' defined but not used [-Wunused-function]
 static void crc_init(void)
             ^~~~~~~~
../source/rpi.cpp:70:12: warning: 'int fifo_tx_full()' defined but not used [-Wunused-function]
 static int fifo_tx_full()
            ^~~~~~~~~~~~
../source/rpi.cpp:35:12: warning: 'int fifo_rx_empty()' defined but not used [-Wunused-function]
 static int fifo_rx_empty()
            ^~~~~~~~~~~~~
make: *** [source/uart_crc.o] Error 1
make: *** Waiting for unfinished jobs....
../source/usbmidiio.cpp: In function 'void KeyScan()':
../source/usbmidiio.cpp:190:70: warning: format '%d' expects argument of type 'int', but argument 2 has type 'long unsigned int' [-Wformat=]
                      printf("%d break\n", (keyscanindex >> 1) * 8 + i);
                                           ~~~~~~~~~~~~~~~~~~~~~~~~~~~^
Finished building: ../source/rpi.cpp
 
Finished building: ../source/usbmidiio.cpp
 
18:05:34 **** Incremental Build of configuration Debug for project usbmidiio ****
make -r -j8 all 
Building file: ../source/uart_crc.cpp
Invoking: MCU C++ Compiler
arm-none-eabi-c++ -D__NEWLIB__ -DFSL_RTOS_BM -DSDK_OS_BAREMETAL -DSDK_DEBUGCONSOLE=0 -DSDK_OS_FREE_RTOS -DFSL_RTOS_FREE_RTOS -DCPU_LPC54616J512ET100 -DCPU_LPC54616J512ET100_cm4 -D__MCUXPRESSO -D__USE_CMSIS -DDEBUG -I../board -I../source -I../ -I../freertos/include -I../freertos/portable -I../CMSIS_driver -I../CMSIS/drivers -I../startup -I../CMSIS -O0 -fno-common -g3 -Wall -c -fmessage-length=0 -mcpu=cortex-m4 -mfpu=fpv4-sp-d16 -mfloat-abi=hard -mthumb -D__NEWLIB__ -MMD -MP -MF"source/uart_crc.d" -MT"source/uart_crc.o" -MT"source/uart_crc.d" -o "source/uart_crc.o" "../source/uart_crc.cpp"
../source/uart_crc.cpp: In function 'int oobfunc(uint8_t, uint32_t)':
../source/uart_crc.cpp:388:50: warning: format '%x' expects argument of type 'unsigned int', but argument 3 has type 'uint32_t {aka long unsigned int}' [-Wformat=]
   printf("oob data(cmd=%d, data=%x)\n", cmd, data);
                                                  ^
../source/uart_crc.cpp: In function 'void sync_init(sync_state_t*, uart_t*)':
../source/uart_crc.cpp:418:8: error: cannot convert 'uart_t*' to 'uart_config_t*' for argument '1' to 'void uart_configure(uart_config_t*, uart_write_complete_cb, void*, uart_read_complete_cb, void*, uart_timer_tick_cb, void*)'
   state);
        ^
../source/uart_crc.cpp:425:15: error: 'struct uart_t' has no member named 'waitfor'
  state->uart->waitfor(6);
               ^~~~~~~
../source/uart_crc.cpp: At global scope:
../source/uart_crc.cpp:19:13: warning: 'void crc_init()' defined but not used [-Wunused-function]
 static void crc_init(void)
             ^~~~~~~~
make: *** [source/uart_crc.o] Error 1
18:05:59 **** Incremental Build of configuration Debug for project usbmidiio ****
make -r -j8 all 
Building file: ../source/uart_crc.cpp
Invoking: MCU C++ Compiler
arm-none-eabi-c++ -D__NEWLIB__ -DFSL_RTOS_BM -DSDK_OS_BAREMETAL -DSDK_DEBUGCONSOLE=0 -DSDK_OS_FREE_RTOS -DFSL_RTOS_FREE_RTOS -DCPU_LPC54616J512ET100 -DCPU_LPC54616J512ET100_cm4 -D__MCUXPRESSO -D__USE_CMSIS -DDEBUG -I../board -I../source -I../ -I../freertos/include -I../freertos/portable -I../CMSIS_driver -I../CMSIS/drivers -I../startup -I../CMSIS -O0 -fno-common -g3 -Wall -c -fmessage-length=0 -mcpu=cortex-m4 -mfpu=fpv4-sp-d16 -mfloat-abi=hard -mthumb -D__NEWLIB__ -MMD -MP -MF"source/uart_crc.d" -MT"source/uart_crc.o" -MT"source/uart_crc.d" -o "source/uart_crc.o" "../source/uart_crc.cpp"
../source/uart_crc.cpp: In function 'void sync_init(sync_state_t*, uart_t*)':
[...]
arm-none-eabi-c++ -D__NEWLIB__ -DFSL_RTOS_BM -DSDK_OS_BAREMETAL -DSDK_DEBUGCONSOLE=0 -DSDK_OS_FREE_RTOS -DFSL_RTOS_FREE_RTOS -DCPU_LPC54616J512ET100 -DCPU_LPC54616J512ET100_cm4 -D__MCUXPRESSO -D__USE_CMSIS -DDEBUG -I../board -I../source -I../ -I../freertos/include -I../freertos/portable -I../CMSIS_driver -I../CMSIS/drivers -I../startup -I../CMSIS -O0 -fno-common -g3 -Wall -c -fmessage-length=0 -mcpu=cortex-m4 -mfpu=fpv4-sp-d16 -mfloat-abi=hard -mthumb -D__NEWLIB__ -MMD -MP -MF"source/usbmidiio.d" -MT"source/usbmidiio.o" -MT"source/usbmidiio.d" -o "source/usbmidiio.o" "../source/usbmidiio.cpp"
../source/usbmidiio.cpp: In function 'void KeyScan()':
../source/usbmidiio.cpp:190:70: warning: format '%d' expects argument of type 'int', but argument 2 has type 'long unsigned int' [-Wformat=]
                      printf("%d break\n", (keyscanindex >> 1) * 8 + i);
                                           ~~~~~~~~~~~~~~~~~~~~~~~~~~~^
Finished building: ../source/uart_crc.cpp
 
Finished building: ../source/usbmidiio.cpp
 
Building target: usbmidiio.axf
Invoking: MCU C++ Linker
arm-none-eabi-c++ -nostdlib -L"C:\work\pan\Syntonovo_PAN\controller\usbmidiio\libs" -Xlinker -Map="usbmidiio.map" -Xlinker --gc-sections -Xlinker -print-memory-usage -mcpu=cortex-m4 -mfpu=fpv4-sp-d16 -mfloat-abi=hard -mthumb -T "usbmidiio_Debug.ld" -o "usbmidiio.axf"  ./usb/osa/usb_osa_freertos.o  ./usb/device/usb_device_dci.o ./usb/device/usb_device_lpcip3511.o  ./startup/startup_lpc54616.o  ./source/usb/usb_device_cdc_acm.o ./source/usb/usb_device_ch9.o ./source/usb/usb_device_class.o ./source/usb/usb_device_descriptor.o ./source/usb/virtual_com.o  ./source/control.o ./source/rpi.o ./source/semihost_hardfault.o ./source/uart_crc.o ./source/usbmidiio.o  ./freertos/source/croutine.o ./freertos/source/event_groups.o ./freertos/source/list.o ./freertos/source/queue.o ./freertos/source/tasks.o ./freertos/source/timers.o  ./freertos/portable/fsl_tickless_systick.o ./freertos/portable/heap_4.o ./freertos/portable/port.o  ./board/board.o ./board/clock_config.o ./board/peripherals.o ./board/pin_mux.o  ./CMSIS/drivers/fsl_adc.o ./CMSIS/drivers/fsl_clock.o ./CMSIS/drivers/fsl_common.o ./CMSIS/drivers/fsl_crc.o ./CMSIS/drivers/fsl_ctimer.o ./CMSIS/drivers/fsl_dma.o ./CMSIS/drivers/fsl_dmic.o ./CMSIS/drivers/fsl_dmic_dma.o ./CMSIS/drivers/fsl_eeprom.o ./CMSIS/drivers/fsl_emc.o ./CMSIS/drivers/fsl_enet.o ./CMSIS/drivers/fsl_flashiap.o ./CMSIS/drivers/fsl_flexcomm.o ./CMSIS/drivers/fsl_fmc.o ./CMSIS/drivers/fsl_fmeas.o ./CMSIS/drivers/fsl_gint.o ./CMSIS/drivers/fsl_gpio.o ./CMSIS/drivers/fsl_i2c.o ./CMSIS/drivers/fsl_i2c_dma.o ./CMSIS/drivers/fsl_i2c_freertos.o ./CMSIS/drivers/fsl_i2s.o ./CMSIS/drivers/fsl_i2s_dma.o ./CMSIS/drivers/fsl_inputmux.o ./CMSIS/drivers/fsl_mcan.o ./CMSIS/drivers/fsl_mrt.o ./CMSIS/drivers/fsl_pint.o ./CMSIS/drivers/fsl_power.o ./CMSIS/drivers/fsl_reset.o ./CMSIS/drivers/fsl_rit.o ./CMSIS/drivers/fsl_rtc.o ./CMSIS/drivers/fsl_sctimer.o ./CMSIS/drivers/fsl_sdif.o ./CMSIS/drivers/fsl_spi.o ./CMSIS/drivers/fsl_spi_dma.o ./CMSIS/drivers/fsl_spi_freertos.o ./CMSIS/drivers/fsl_spifi.o ./CMSIS/drivers/fsl_spifi_dma.o ./CMSIS/drivers/fsl_usart.o ./CMSIS/drivers/fsl_usart_dma.o ./CMSIS/drivers/fsl_usart_freertos.o ./CMSIS/drivers/fsl_utick.o ./CMSIS/drivers/fsl_wwdt.o  ./CMSIS/system_LPC54616.o   -lpower_hardabi
Memory region         Used Size  Region Size  %age Used
./source/uart_crc.o: In function `sync_init':
C:\work\pan\Syntonovo_PAN\controller\usbmidiio\Debug/../source/uart_crc.cpp:417: undefined reference to `uart_configure'
collect2.exe: error: ld returned 1 exit status
   PROGRAM_FLASH:       67512 B       512 KB     12.88%
    SRAM_0_1_2_3:       24316 B       160 KB     14.84%
           SRAMX:          0 GB        32 KB      0.00%
         USB_RAM:          7 KB         8 KB     87.50%
make: *** [usbmidiio.axf] Error 1
18:09:19 **** Incremental Build of configuration Debug for project usbmidiio ****
make -r -j8 all 
Building file: ../source/uart_crc.cpp
Invoking: MCU C++ Compiler
arm-none-eabi-c++ -D__NEWLIB__ -DFSL_RTOS_BM -DSDK_OS_BAREMETAL -DSDK_DEBUGCONSOLE=0 -DSDK_OS_FREE_RTOS -DFSL_RTOS_FREE_RTOS -DCPU_LPC54616J512ET100 -DCPU_LPC54616J512ET100_cm4 -D__MCUXPRESSO -D__USE_CMSIS -DDEBUG -I../board -I../source -I../ -I../freertos/include -I../freertos/portable -I../CMSIS_driver -I../CMSIS/drivers -I../startup -I../CMSIS -O0 -fno-common -g3 -Wall -c -fmessage-length=0 -mcpu=cortex-m4 -mfpu=fpv4-sp-d16 -mfloat-abi=hard -mthumb -D__NEWLIB__ -MMD -MP -MF"source/uart_crc.d" -MT"source/uart_crc.o" -MT"source/uart_crc.d" -o "source/uart_crc.o" "../source/uart_crc.cpp"
Finished building: ../source/uart_crc.cpp
 
Building target: usbmidiio.axf
Invoking: MCU C++ Linker
arm-none-eabi-c++ -nostdlib -L"C:\work\pan\Syntonovo_PAN\controller\usbmidiio\libs" -Xlinker -Map="usbmidiio.map" -Xlinker --gc-sections -Xlinker -print-memory-usage -mcpu=cortex-m4 -mfpu=fpv4-sp-d16 -mfloat-abi=hard -mthumb -T "usbmidiio_Debug.ld" -o "usbmidiio.axf"  ./usb/osa/usb_osa_freertos.o  ./usb/device/usb_device_dci.o ./usb/device/usb_device_lpcip3511.o  ./startup/startup_lpc54616.o  ./source/usb/usb_device_cdc_acm.o ./source/usb/usb_device_ch9.o ./source/usb/usb_device_class.o ./source/usb/usb_device_descriptor.o ./source/usb/virtual_com.o  ./source/control.o ./source/rpi.o ./source/semihost_hardfault.o ./source/uart_crc.o ./source/usbmidiio.o  ./freertos/source/croutine.o ./freertos/source/event_groups.o ./freertos/source/list.o ./freertos/source/queue.o ./freertos/source/tasks.o ./freertos/source/timers.o  ./freertos/portable/fsl_tickless_systick.o ./freertos/portable/heap_4.o ./freertos/portable/port.o  ./board/board.o ./board/clock_config.o ./board/peripherals.o ./board/pin_mux.o  ./CMSIS/drivers/fsl_adc.o ./CMSIS/drivers/fsl_clock.o ./CMSIS/drivers/fsl_common.o ./CMSIS/drivers/fsl_crc.o ./CMSIS/drivers/fsl_ctimer.o ./CMSIS/drivers/fsl_dma.o ./CMSIS/drivers/fsl_dmic.o ./CMSIS/drivers/fsl_dmic_dma.o ./CMSIS/drivers/fsl_eeprom.o ./CMSIS/drivers/fsl_emc.o ./CMSIS/drivers/fsl_enet.o ./CMSIS/drivers/fsl_flashiap.o ./CMSIS/drivers/fsl_flexcomm.o ./CMSIS/drivers/fsl_fmc.o ./CMSIS/drivers/fsl_fmeas.o ./CMSIS/drivers/fsl_gint.o ./CMSIS/drivers/fsl_gpio.o ./CMSIS/drivers/fsl_i2c.o ./CMSIS/drivers/fsl_i2c_dma.o ./CMSIS/drivers/fsl_i2c_freertos.o ./CMSIS/drivers/fsl_i2s.o ./CMSIS/drivers/fsl_i2s_dma.o ./CMSIS/drivers/fsl_inputmux.o ./CMSIS/drivers/fsl_mcan.o ./CMSIS/drivers/fsl_mrt.o ./CMSIS/drivers/fsl_pint.o ./CMSIS/drivers/fsl_power.o ./CMSIS/drivers/fsl_reset.o ./CMSIS/drivers/fsl_rit.o ./CMSIS/drivers/fsl_rtc.o ./CMSIS/drivers/fsl_sctimer.o ./CMSIS/drivers/fsl_sdif.o ./CMSIS/drivers/fsl_spi.o ./CMSIS/drivers/fsl_spi_dma.o ./CMSIS/drivers/fsl_spi_freertos.o ./CMSIS/drivers/fsl_spifi.o ./CMSIS/drivers/fsl_spifi_dma.o ./CMSIS/drivers/fsl_usart.o ./CMSIS/drivers/fsl_usart_dma.o ./CMSIS/drivers/fsl_usart_freertos.o ./CMSIS/drivers/fsl_utick.o ./CMSIS/drivers/fsl_wwdt.o  ./CMSIS/system_LPC54616.o   -lpower_hardabi
Memory region         Used Size  Region Size  %age Used
   PROGRAM_FLASH:       67576 B       512 KB     12.89%
    SRAM_0_1_2_3:       24316 B       160 KB     14.84%
           SRAMX:          0 GB        32 KB      0.00%
         USB_RAM:          7 KB         8 KB     87.50%
Finished building target: usbmidiio.axf
 
make --no-print-directory post-build
Performing post-build steps
arm-none-eabi-size "usbmidiio.axf"; # arm-none-eabi-objcopy -v -O binary "usbmidiio.axf" "usbmidiio.bin" ; # checksum -p LPC54616J512 -d "usbmidiio.bin";
   text	   data	    bss	    dec	    hex	filename
  65892	   1684	  29692	  97268	  17bf4	usbmidiio.axf
 
18:09:56 **** Incremental Build of configuration Debug for project usbmidiio ****
make -r -j8 all 
Building file: ../source/rpi.cpp
Building file: ../source/usbmidiio.cpp
Invoking: MCU C++ Compiler
Invoking: MCU C++ Compiler
arm-none-eabi-c++ -D__NEWLIB__ -DFSL_RTOS_BM -DSDK_OS_BAREMETAL -DSDK_DEBUGCONSOLE=0 -DSDK_OS_FREE_RTOS -DFSL_RTOS_FREE_RTOS -DCPU_LPC54616J512ET100 -DCPU_LPC54616J512ET100_cm4 -D__MCUXPRESSO -D__USE_CMSIS -DDEBUG -I../board -I../source -I../ -I../freertos/include -I../freertos/portable -I../CMSIS_driver -I../CMSIS/drivers -I../startup -I../CMSIS -O0 -fno-common -g3 -Wall -c -fmessage-length=0 -mcpu=cortex-m4 -mfpu=fpv4-sp-d16 -mfloat-abi=hard -mthumb -D__NEWLIB__ -MMD -MP -MF"source/rpi.d" -MT"source/rpi.o" -MT"source/rpi.d" -o "source/rpi.o" "../source/rpi.cpp"
arm-none-eabi-c++ -D__NEWLIB__ -DFSL_RTOS_BM -DSDK_OS_BAREMETAL -DSDK_DEBUGCONSOLE=0 -DSDK_OS_FREE_RTOS -DFSL_RTOS_FREE_RTOS -DCPU_LPC54616J512ET100 -DCPU_LPC54616J512ET100_cm4 -D__MCUXPRESSO -D__USE_CMSIS -DDEBUG -I../board -I../source -I../ -I../freertos/include -I../freertos/portable -I../CMSIS_driver -I../CMSIS/drivers -I../startup -I../CMSIS -O0 -fno-common -g3 -Wall -c -fmessage-length=0 -mcpu=cortex-m4 -mfpu=fpv4-sp-d16 -mfloat-abi=hard -mthumb -D__NEWLIB__ -MMD -MP -MF"source/usbmidiio.d" -MT"source/usbmidiio.o" -MT"source/usbmidiio.d" -o "source/usbmidiio.o" "../source/usbmidiio.cpp"
../source/rpi.cpp:70:12: warning: 'int fifo_tx_full()' defined but not used [-Wunused-function]
 static int fifo_tx_full()
            ^~~~~~~~~~~~
../source/rpi.cpp:35:12: warning: 'int fifo_rx_empty()' defined but not used [-Wunused-function]
 static int fifo_rx_empty()
            ^~~~~~~~~~~~~
../source/usbmidiio.cpp: In function 'void KeyScan()':
../source/usbmidiio.cpp:190:70: warning: format '%d' expects argument of type 'int', but argument 2 has type 'long unsigned int' [-Wformat=]
                      printf("%d break\n", (keyscanindex >> 1) * 8 + i);
                                           ~~~~~~~~~~~~~~~~~~~~~~~~~~~^
Finished building: ../source/rpi.cpp
 
Finished building: ../source/usbmidiio.cpp
 
Building target: usbmidiio.axf
Invoking: MCU C++ Linker
arm-none-eabi-c++ -nostdlib -L"C:\work\pan\Syntonovo_PAN\controller\usbmidiio\libs" -Xlinker -Map="usbmidiio.map" -Xlinker --gc-sections -Xlinker -print-memory-usage -mcpu=cortex-m4 -mfpu=fpv4-sp-d16 -mfloat-abi=hard -mthumb -T "usbmidiio_Debug.ld" -o "usbmidiio.axf"  ./usb/osa/usb_osa_freertos.o  ./usb/device/usb_device_dci.o ./usb/device/usb_device_lpcip3511.o  ./startup/startup_lpc54616.o  ./source/usb/usb_device_cdc_acm.o ./source/usb/usb_device_ch9.o ./source/usb/usb_device_class.o ./source/usb/usb_device_descriptor.o ./source/usb/virtual_com.o  ./source/control.o ./source/rpi.o ./source/semihost_hardfault.o ./source/uart_crc.o ./source/usbmidiio.o  ./freertos/source/croutine.o ./freertos/source/event_groups.o ./freertos/source/list.o ./freertos/source/queue.o ./freertos/source/tasks.o ./freertos/source/timers.o  ./freertos/portable/fsl_tickless_systick.o ./freertos/portable/heap_4.o ./freertos/portable/port.o  ./board/board.o ./board/clock_config.o ./board/peripherals.o ./board/pin_mux.o  ./CMSIS/drivers/fsl_adc.o ./CMSIS/drivers/fsl_clock.o ./CMSIS/drivers/fsl_common.o ./CMSIS/drivers/fsl_crc.o ./CMSIS/drivers/fsl_ctimer.o ./CMSIS/drivers/fsl_dma.o ./CMSIS/drivers/fsl_dmic.o ./CMSIS/drivers/fsl_dmic_dma.o ./CMSIS/drivers/fsl_eeprom.o ./CMSIS/drivers/fsl_emc.o ./CMSIS/drivers/fsl_enet.o ./CMSIS/drivers/fsl_flashiap.o ./CMSIS/drivers/fsl_flexcomm.o ./CMSIS/drivers/fsl_fmc.o ./CMSIS/drivers/fsl_fmeas.o ./CMSIS/drivers/fsl_gint.o ./CMSIS/drivers/fsl_gpio.o ./CMSIS/drivers/fsl_i2c.o ./CMSIS/drivers/fsl_i2c_dma.o ./CMSIS/drivers/fsl_i2c_freertos.o ./CMSIS/drivers/fsl_i2s.o ./CMSIS/drivers/fsl_i2s_dma.o ./CMSIS/drivers/fsl_inputmux.o ./CMSIS/drivers/fsl_mcan.o ./CMSIS/drivers/fsl_mrt.o ./CMSIS/drivers/fsl_pint.o ./CMSIS/drivers/fsl_power.o ./CMSIS/drivers/fsl_reset.o ./CMSIS/drivers/fsl_rit.o ./CMSIS/drivers/fsl_rtc.o ./CMSIS/drivers/fsl_sctimer.o ./CMSIS/drivers/fsl_sdif.o ./CMSIS/drivers/fsl_spi.o ./CMSIS/drivers/fsl_spi_dma.o ./CMSIS/drivers/fsl_spi_freertos.o ./CMSIS/drivers/fsl_spifi.o ./CMSIS/drivers/fsl_spifi_dma.o ./CMSIS/drivers/fsl_usart.o ./CMSIS/drivers/fsl_usart_dma.o ./CMSIS/drivers/fsl_usart_freertos.o ./CMSIS/drivers/fsl_utick.o ./CMSIS/drivers/fsl_wwdt.o  ./CMSIS/system_LPC54616.o   -lpower_hardabi
Memory region         Used Size  Region Size  %age Used
   PROGRAM_FLASH:       67592 B       512 KB     12.89%
    SRAM_0_1_2_3:       24316 B       160 KB     14.84%
           SRAMX:          0 GB        32 KB      0.00%
         USB_RAM:          7 KB         8 KB     87.50%
Finished building target: usbmidiio.axf
 
make --no-print-directory post-build
Performing post-build steps
arm-none-eabi-size "usbmidiio.axf"; # arm-none-eabi-objcopy -v -O binary "usbmidiio.axf" "usbmidiio.bin" ; # checksum -p LPC54616J512 -d "usbmidiio.bin";
   text	   data	    bss	    dec	    hex	filename
  65908	   1684	  29692	  97284	  17c04	usbmidiio.axf
 
20:11:03 **** Incremental Build of configuration Debug for project usbmidiio ****
make -r -j8 all 
Building file: ../source/usbmidiio.cpp
Invoking: MCU C++ Compiler
arm-none-eabi-c++ -D__NEWLIB__ -DFSL_RTOS_BM -DSDK_OS_BAREMETAL -DSDK_DEBUGCONSOLE=0 -DSDK_OS_FREE_RTOS -DFSL_RTOS_FREE_RTOS -DCPU_LPC54616J512ET100 -DCPU_LPC54616J512ET100_cm4 -D__MCUXPRESSO -D__USE_CMSIS -DDEBUG -I../board -I../source -I../ -I../freertos/include -I../freertos/portable -I../CMSIS_driver -I../CMSIS/drivers -I../startup -I../CMSIS -O0 -fno-common -g3 -Wall -c -fmessage-length=0 -mcpu=cortex-m4 -mfpu=fpv4-sp-d16 -mfloat-abi=hard -mthumb -D__NEWLIB__ -MMD -MP -MF"source/usbmidiio.d" -MT"source/usbmidiio.o" -MT"source/usbmidiio.d" -o "source/usbmidiio.o" "../source/usbmidiio.cpp"
../source/usbmidiio.cpp: In function 'void KeyScan()':
../source/usbmidiio.cpp:190:70: warning: format '%d' expects argument of type 'int', but argument 2 has type 'long unsigned int' [-Wformat=]
                      printf("%d break\n", (keyscanindex >> 1) * 8 + i);
                                           ~~~~~~~~~~~~~~~~~~~~~~~~~~~^
../source/usbmidiio.cpp: In function 'void IdleTask(void*)':
../source/usbmidiio.cpp:498:30: error: too few arguments to function
   rpi_uart.config.timer_tick();
                              ^
make: *** [source/usbmidiio.o] Error 1
20:11:12 **** Incremental Build of configuration Debug for project usbmidiio ****
make -r -j8 all 
Building file: ../source/usbmidiio.cpp
Invoking: MCU C++ Compiler
arm-none-eabi-c++ -D__NEWLIB__ -DFSL_RTOS_BM -DSDK_OS_BAREMETAL -DSDK_DEBUGCONSOLE=0 -DSDK_OS_FREE_RTOS -DFSL_RTOS_FREE_RTOS -DCPU_LPC54616J512ET100 -DCPU_LPC54616J512ET100_cm4 -D__MCUXPRESSO -D__USE_CMSIS -DDEBUG -I../board -I../source -I../ -I../freertos/include -I../freertos/portable -I../CMSIS_driver -I../CMSIS/drivers -I../startup -I../CMSIS -O0 -fno-common -g3 -Wall -c -fmessage-length=0 -mcpu=cortex-m4 -mfpu=fpv4-sp-d16 -mfloat-abi=hard -mthumb -D__NEWLIB__ -MMD -MP -MF"source/usbmidiio.d" -MT"source/usbmidiio.o" -MT"source/usbmidiio.d" -o "source/usbmidiio.o" "../source/usbmidiio.cpp"
../source/usbmidiio.cpp: In function 'void KeyScan()':
../source/usbmidiio.cpp:190:70: warning: format '%d' expects argument of type 'int', but argument 2 has type 'long unsigned int' [-Wformat=]
                      printf("%d break\n", (keyscanindex >> 1) * 8 + i);
                                           ~~~~~~~~~~~~~~~~~~~~~~~~~~~^
../source/usbmidiio.cpp: In function 'void IdleTask(void*)':
../source/usbmidiio.cpp:498:46: error: 'struct uart_config_t' has no member named 'timer_data'; did you mean 'timer_tick'?
   rpi_uart.config.timer_tick(rpi_uart.config.timer_data);
                                              ^~~~~~~~~~
                                              timer_tick
make: *** [source/usbmidiio.o] Error 1
20:11:21 **** Incremental Build of configuration Debug for project usbmidiio ****
make -r -j8 all 
Building file: ../source/usbmidiio.cpp
Invoking: MCU C++ Compiler
arm-none-eabi-c++ -D__NEWLIB__ -DFSL_RTOS_BM -DSDK_OS_BAREMETAL -DSDK_DEBUGCONSOLE=0 -DSDK_OS_FREE_RTOS -DFSL_RTOS_FREE_RTOS -DCPU_LPC54616J512ET100 -DCPU_LPC54616J512ET100_cm4 -D__MCUXPRESSO -D__USE_CMSIS -DDEBUG -I../board -I../source -I../ -I../freertos/include -I../freertos/portable -I../CMSIS_driver -I../CMSIS/drivers -I../startup -I../CMSIS -O0 -fno-common -g3 -Wall -c -fmessage-length=0 -mcpu=cortex-m4 -mfpu=fpv4-sp-d16 -mfloat-abi=hard -mthumb -D__NEWLIB__ -MMD -MP -MF"source/usbmidiio.d" -MT"source/usbmidiio.o" -MT"source/usbmidiio.d" -o "source/usbmidiio.o" "../source/usbmidiio.cpp"
../source/usbmidiio.cpp: In function 'void KeyScan()':
../source/usbmidiio.cpp:190:70: warning: format '%d' expects argument of type 'int', but argument 2 has type 'long unsigned int' [-Wformat=]
                      printf("%d break\n", (keyscanindex >> 1) * 8 + i);
                                           ~~~~~~~~~~~~~~~~~~~~~~~~~~~^
Finished building: ../source/usbmidiio.cpp
 
Building target: usbmidiio.axf
Invoking: MCU C++ Linker
arm-none-eabi-c++ -nostdlib -L"C:\work\pan\Syntonovo_PAN\controller\usbmidiio\libs" -Xlinker -Map="usbmidiio.map" -Xlinker --gc-sections -Xlinker -print-memory-usage -mcpu=cortex-m4 -mfpu=fpv4-sp-d16 -mfloat-abi=hard -mthumb -T "usbmidiio_Debug.ld" -o "usbmidiio.axf"  ./usb/osa/usb_osa_freertos.o  ./usb/device/usb_device_dci.o ./usb/device/usb_device_lpcip3511.o  ./startup/startup_lpc54616.o  ./source/usb/usb_device_cdc_acm.o ./source/usb/usb_device_ch9.o ./source/usb/usb_device_class.o ./source/usb/usb_device_descriptor.o ./source/usb/virtual_com.o  ./source/control.o ./source/rpi.o ./source/semihost_hardfault.o ./source/uart_crc.o ./source/usbmidiio.o  ./freertos/source/croutine.o ./freertos/source/event_groups.o ./freertos/source/list.o ./freertos/source/queue.o ./freertos/source/tasks.o ./freertos/source/timers.o  ./freertos/portable/fsl_tickless_systick.o ./freertos/portable/heap_4.o ./freertos/portable/port.o  ./board/board.o ./board/clock_config.o ./board/peripherals.o ./board/pin_mux.o  ./CMSIS/drivers/fsl_adc.o ./CMSIS/drivers/fsl_clock.o ./CMSIS/drivers/fsl_common.o ./CMSIS/drivers/fsl_crc.o ./CMSIS/drivers/fsl_ctimer.o ./CMSIS/drivers/fsl_dma.o ./CMSIS/drivers/fsl_dmic.o ./CMSIS/drivers/fsl_dmic_dma.o ./CMSIS/drivers/fsl_eeprom.o ./CMSIS/drivers/fsl_emc.o ./CMSIS/drivers/fsl_enet.o ./CMSIS/drivers/fsl_flashiap.o ./CMSIS/drivers/fsl_flexcomm.o ./CMSIS/drivers/fsl_fmc.o ./CMSIS/drivers/fsl_fmeas.o ./CMSIS/drivers/fsl_gint.o ./CMSIS/drivers/fsl_gpio.o ./CMSIS/drivers/fsl_i2c.o ./CMSIS/drivers/fsl_i2c_dma.o ./CMSIS/drivers/fsl_i2c_freertos.o ./CMSIS/drivers/fsl_i2s.o ./CMSIS/drivers/fsl_i2s_dma.o ./CMSIS/drivers/fsl_inputmux.o ./CMSIS/drivers/fsl_mcan.o ./CMSIS/drivers/fsl_mrt.o ./CMSIS/drivers/fsl_pint.o ./CMSIS/drivers/fsl_power.o ./CMSIS/drivers/fsl_reset.o ./CMSIS/drivers/fsl_rit.o ./CMSIS/drivers/fsl_rtc.o ./CMSIS/drivers/fsl_sctimer.o ./CMSIS/drivers/fsl_sdif.o ./CMSIS/drivers/fsl_spi.o ./CMSIS/drivers/fsl_spi_dma.o ./CMSIS/drivers/fsl_spi_freertos.o ./CMSIS/drivers/fsl_spifi.o ./CMSIS/drivers/fsl_spifi_dma.o ./CMSIS/drivers/fsl_usart.o ./CMSIS/drivers/fsl_usart_dma.o ./CMSIS/drivers/fsl_usart_freertos.o ./CMSIS/drivers/fsl_utick.o ./CMSIS/drivers/fsl_wwdt.o  ./CMSIS/system_LPC54616.o   -lpower_hardabi
Memory region         Used Size  Region Size  %age Used
   PROGRAM_FLASH:       67684 B       512 KB     12.91%
    SRAM_0_1_2_3:       24316 B       160 KB     14.84%
           SRAMX:          0 GB        32 KB      0.00%
         USB_RAM:          7 KB         8 KB     87.50%
Finished building target: usbmidiio.axf
 
make --no-print-directory post-build
Performing post-build steps
arm-none-eabi-size "usbmidiio.axf"; # arm-none-eabi-objcopy -v -O binary "usbmidiio.axf" "usbmidiio.bin" ; # checksum -p LPC54616J512 -d "usbmidiio.bin";
   text	   data	    bss	    dec	    hex	filename
  66000	   1684	  29692	  97376	  17c60	usbmidiio.axf
 
