16:04:46 **** Incremental Build of configuration Debug for project pan_sh ****
make -r -j8 all 
Building target: pan_sh.axf
Invoking: MCU Linker
arm-none-eabi-gcc -nostdlib -L"C:\work\pan\Syntonovo_PAN\controller\pan_sh\libs" -Xlinker -print-memory-usage -Xlinker --gc-sections -Xlinker -Map="pan_sh.map" -mcpu=cortex-m4 -mfpu=fpv4-sp-d16 -mfloat-abi=hard -mthumb -T LPC54616J512_Project_Debug.ld -o "pan_sh.axf"  ./startup/startup_lpc54616.o  ./source/LPC54616J512_Project.o ./source/LTC2712.o ./source/MAX11311.o ./source/ad.o ./source/adsr.o ./source/autotune.o ./source/control.o ./source/hp.o ./source/lfo.o ./source/notestack.o ./source/semihost_hardfault.o ./source/shiftctrl.o ./source/spi_sched.o ./source/synth.o  ./board/board.o ./board/clock_config.o ./board/peripherals.o ./board/pin_mux.o  ./CMSIS/drivers/fsl_clock.o ./CMSIS/drivers/fsl_common.o ./CMSIS/drivers/fsl_ctimer.o ./CMSIS/drivers/fsl_dma.o ./CMSIS/drivers/fsl_eeprom.o ./CMSIS/drivers/fsl_flexcomm.o ./CMSIS/drivers/fsl_fmc.o ./CMSIS/drivers/fsl_fmeas.o ./CMSIS/drivers/fsl_gint.o ./CMSIS/drivers/fsl_gpio.o ./CMSIS/drivers/fsl_i2c.o ./CMSIS/drivers/fsl_inputmux.o ./CMSIS/drivers/fsl_mrt.o ./CMSIS/drivers/fsl_pint.o ./CMSIS/drivers/fsl_power.o ./CMSIS/drivers/fsl_reset.o ./CMSIS/drivers/fsl_rit.o ./CMSIS/drivers/fsl_rtc.o ./CMSIS/drivers/fsl_sctimer.o ./CMSIS/drivers/fsl_spi.o ./CMSIS/drivers/fsl_spi_dma.o ./CMSIS/drivers/fsl_usart.o ./CMSIS/drivers/fsl_usart_dma.o ./CMSIS/drivers/fsl_utick.o ./CMSIS/drivers/fsl_wwdt.o  ./CMSIS/cmsis_drivers/fsl_i2c_cmsis.o ./CMSIS/cmsis_drivers/fsl_spi_cmsis.o ./CMSIS/cmsis_drivers/fsl_usart_cmsis.o  ./CMSIS/system_LPC54616.o   -lpower_hardabi
Memory region         Used Size  Region Size  %age Used
   PROGRAM_FLASH:       93404 B       512 KB     17.82%
    SRAM_0_1_2_3:      131044 B       160 KB     79.98%
           SRAMX:          0 GB        32 KB      0.00%
         USB_RAM:          0 GB         8 KB      0.00%
Finished building target: pan_sh.axf
 
make --no-print-directory post-build
Performing post-build steps
arm-none-eabi-size "pan_sh.axf" ; arm-none-eabi-objcopy -v -O ihex "pan_sh.axf" "pan_sh.hex" ; # arm-none-eabi-objcopy -v -O binary "pan_sh.axf" "pan_sh.bin" ; # checksum -p LPC54616J512 -d "pan_sh.bin" ;
   text	   data	    bss	    dec	    hex	filename
  91840	   1564	 128996	 222400	  364c0	pan_sh.axf
copy from `pan_sh.axf' [elf32-littlearm] to `pan_sh.hex' [ihex]
 

16:04:48 Build Finished (took 2s.456ms)

